Component: ARM Compiler 5.05 update 1 (build 106) Tool: armlink [4d0efa]

==============================================================================

Section Cross References

    main.o(.text) refers to stm32f4xx_rcc.o(.text) for RCC_AHB1PeriphClockCmd
    main.o(.text) refers to stm32f4xx_gpio.o(.text) for GPIO_Init
    main.o(.text) refers to delay.o(.text) for delay_init
    main.o(.text) refers to led.o(.text) for LED_Init
    main.o(.text) refers to fsmc.o(.text) for FSMC_SRAM_Init
    system_stm32f4xx.o(.text) refers to system_stm32f4xx.o(.data) for SystemCoreClock
    nrf24l01.o(.text) refers to stm32f4xx_rcc.o(.text) for RCC_AHB1PeriphClockCmd
    nrf24l01.o(.text) refers to stm32f4xx_gpio.o(.text) for GPIO_Init
    nrf24l01.o(.data) refers to nrf24l01.o(.conststring) for .conststring
    robot.o(.text) refers to f2d.o(x$fpl$f2d) for __aeabi_f2d
    robot.o(.text) refers to ddiv.o(x$fpl$ddiv) for __aeabi_ddiv
    robot.o(.text) refers to dmul.o(x$fpl$dmul) for __aeabi_dmul
    robot.o(.text) refers to d2f.o(x$fpl$d2f) for __aeabi_d2f
    robot.o(.text) refers to sin.o(i.__hardfp_sin) for __hardfp_sin
    robot.o(.text) refers to cos.o(i.__hardfp_cos) for __hardfp_cos
    robot.o(.text) refers to dflt_clz.o(x$fpl$dflt) for __aeabi_i2d
    robot.o(.text) refers to task.o(.text) for task_create
    robot.o(.text) refers to spi.o(.text) for SPI_Master_ReadWrite_Byte
    robot.o(.text) refers to dleqf.o(x$fpl$dleqf) for __aeabi_cdcmple
    robot.o(.text) refers to robot.o(.constdata) for .constdata
    robot.o(.text) refers to comm.o(.bss) for g_robot
    packet.o(.text) refers to comm.o(.bss) for g_robot
    packet.o(.text) refers to packet.o(.data) for packet_flag
    comm.o(.text) refers to packet.o(.text) for get_packet_type
    comm.o(.text) refers to rt_memclr_w.o(.text) for __aeabi_memclr4
    comm.o(.text) refers to robot.o(.text) for on_robot_command
    comm.o(.text) refers to delay.o(.text) for delay_ms
    comm.o(.text) refers to comm.o(.data) for type
    comm.o(.text) refers to main.o(.bss) for tmp_buf
    comm.o(.text) refers to comm.o(.bss) for g_comm
    comm.o(.text) refers to packet.o(.data) for packet_flag
    task.o(.text) refers to ddiv.o(x$fpl$ddiv) for __aeabi_ddiv
    task.o(.text) refers to dmul.o(x$fpl$dmul) for __aeabi_dmul
    task.o(.text) refers to spi.o(.text) for SPI_Master_ReadWrite_Byte
    task.o(.text) refers to daddsub_clz.o(x$fpl$dsub) for __aeabi_dsub
    task.o(.text) refers to daddsub_clz.o(x$fpl$dadd) for __aeabi_dadd
    task.o(.text) refers to sqrt.o(i.__hardfp_sqrt) for __hardfp_sqrt
    task.o(.text) refers to drleqf.o(x$fpl$drleqf) for __aeabi_cdrcmple
    task.o(.text) refers to comm.o(.bss) for g_robot
    task.o(.text) refers to f2d.o(x$fpl$f2d) for __aeabi_f2d
    task.o(.text) refers to d2f.o(x$fpl$d2f) for __aeabi_d2f
    task.o(.text) refers to robot.o(.text) for V2N
    task.o(.text) refers to rt_memclr_w.o(.text) for __aeabi_memclr4
    timer.o(.text) refers to stm32f4xx_rcc.o(.text) for RCC_APB1PeriphClockCmd
    timer.o(.text) refers to stm32f4xx_tim.o(.text) for TIM_TimeBaseInit
    timer.o(.text) refers to misc.o(.text) for NVIC_Init
    timer.o(.text) refers to task.o(.text) for task_update
    timer.o(.text) refers to timer.o(.data) for System_Counter
    exti.o(.text) refers to nrf24l01.o(.text) for NRF24L01_RxPacket
    exti.o(.text) refers to comm.o(.text) for do_comm
    exti.o(.text) refers to stm32f4xx_exti.o(.text) for EXTI_ClearITPendingBit
    exti.o(.text) refers to stm32f4xx_rcc.o(.text) for RCC_APB2PeriphClockCmd
    exti.o(.text) refers to stm32f4xx_syscfg.o(.text) for SYSCFG_EXTILineConfig
    exti.o(.text) refers to misc.o(.text) for NVIC_Init
    exti.o(.text) refers to main.o(.bss) for tmp_buf
    init.o(.text) refers to spi.o(.text) for SPI_Master_Init
    init.o(.text) refers to misc.o(.text) for NVIC_PriorityGroupConfig
    init.o(.text) refers to delay.o(.text) for delay_init
    init.o(.text) refers to led.o(.text) for LED_Init
    init.o(.text) refers to timer.o(.text) for TIM3_Int_Init
    init.o(.text) refers to exti.o(.text) for EXTIX_Init
    init.o(.text) refers to nrf24l01.o(.text) for NRF24L01_1_GPIO_Init
    init.o(.text) refers to robot.o(.text) for robot_init
    led.o(.text) refers to stm32f4xx_rcc.o(.text) for RCC_AHB1PeriphClockCmd
    led.o(.text) refers to stm32f4xx_gpio.o(.text) for GPIO_Init
    lcd.o(.text) refers to _printf_percent.o(.ARM.Collect$$_printf_percent$$00000000) for _printf_percent
    lcd.o(.text) refers to _printf_x.o(.ARM.Collect$$_printf_percent$$0000000C) for _printf_x
    lcd.o(.text) refers to _printf_hex_int.o(.text) for _printf_longlong_hex
    lcd.o(.text) refers to delay.o(.text) for delay_us
    lcd.o(.text) refers to lcd.o(.bss) for lcddev
    lcd.o(.text) refers to lcd.o(.data) for POINT_COLOR
    lcd.o(.text) refers to dflt_clz.o(x$fpl$dfltu) for __aeabi_ui2d
    lcd.o(.text) refers to dmul.o(x$fpl$dmul) for __aeabi_dmul
[...]
    packet.c                                 0x00000000   Number         0  packet.o ABSOLUTE
    robot.c                                  0x00000000   Number         0  robot.o ABSOLUTE
    robot.c                                  0x00000000   Number         0  robot.o ABSOLUTE
    stm32f4xx_it.c                           0x00000000   Number         0  stm32f4xx_it.o ABSOLUTE
    stm32f4xx_it.c                           0x00000000   Number         0  stm32f4xx_it.o ABSOLUTE
    system_stm32f4xx.c                       0x00000000   Number         0  system_stm32f4xx.o ABSOLUTE
    system_stm32f4xx.c                       0x00000000   Number         0  system_stm32f4xx.o ABSOLUTE
    timer.c                                  0x00000000   Number         0  timer.o ABSOLUTE
    timer.c                                  0x00000000   Number         0  timer.o ABSOLUTE
    RESET                                    0x08000000   Section      392  startup_stm32f40_41xxx.o(RESET)
    !!!main                                  0x08000188   Section        8  __main.o(!!!main)
    !!!scatter                               0x08000190   Section       52  __scatter.o(!!!scatter)
    !!handler_copy                           0x080001c4   Section       26  __scatter_copy.o(!!handler_copy)
    !!handler_zi                             0x080001e0   Section       28  __scatter_zi.o(!!handler_zi)
    .ARM.Collect$$libinit$$00000000          0x080001fc   Section        2  libinit.o(.ARM.Collect$$libinit$$00000000)
    .ARM.Collect$$libinit$$00000001          0x080001fe   Section        4  libinit2.o(.ARM.Collect$$libinit$$00000001)
    .ARM.Collect$$libinit$$00000004          0x08000202   Section        0  libinit2.o(.ARM.Collect$$libinit$$00000004)
    .ARM.Collect$$libinit$$0000000A          0x08000202   Section        0  libinit2.o(.ARM.Collect$$libinit$$0000000A)
    .ARM.Collect$$libinit$$0000000C          0x08000202   Section        0  libinit2.o(.ARM.Collect$$libinit$$0000000C)
    .ARM.Collect$$libinit$$0000000E          0x08000202   Section        0  libinit2.o(.ARM.Collect$$libinit$$0000000E)
    .ARM.Collect$$libinit$$00000011          0x08000202   Section        0  libinit2.o(.ARM.Collect$$libinit$$00000011)
    .ARM.Collect$$libinit$$00000013          0x08000202   Section        0  libinit2.o(.ARM.Collect$$libinit$$00000013)
    .ARM.Collect$$libinit$$00000015          0x08000202   Section        0  libinit2.o(.ARM.Collect$$libinit$$00000015)
    .ARM.Collect$$libinit$$00000017          0x08000202   Section        0  libinit2.o(.ARM.Collect$$libinit$$00000017)
    .ARM.Collect$$libinit$$00000019          0x08000202   Section        0  libinit2.o(.ARM.Collect$$libinit$$00000019)
    .ARM.Collect$$libinit$$0000001B          0x08000202   Section        0  libinit2.o(.ARM.Collect$$libinit$$0000001B)
    .ARM.Collect$$libinit$$0000001D          0x08000202   Section        0  libinit2.o(.ARM.Collect$$libinit$$0000001D)
    .ARM.Collect$$libinit$$0000001F          0x08000202   Section        0  libinit2.o(.ARM.Collect$$libinit$$0000001F)
    .ARM.Collect$$libinit$$00000021          0x08000202   Section        0  libinit2.o(.ARM.Collect$$libinit$$00000021)
    .ARM.Collect$$libinit$$00000023          0x08000202   Section        0  libinit2.o(.ARM.Collect$$libinit$$00000023)
    .ARM.Collect$$libinit$$00000025          0x08000202   Section        0  libinit2.o(.ARM.Collect$$libinit$$00000025)
    .ARM.Collect$$libinit$$0000002C          0x08000202   Section        0  libinit2.o(.ARM.Collect$$libinit$$0000002C)
    .ARM.Collect$$libinit$$0000002E          0x08000202   Section        0  libinit2.o(.ARM.Collect$$libinit$$0000002E)
    .ARM.Collect$$libinit$$00000030          0x08000202   Section        0  libinit2.o(.ARM.Collect$$libinit$$00000030)
    .ARM.Collect$$libinit$$00000032          0x08000202   Section        0  libinit2.o(.ARM.Collect$$libinit$$00000032)
    .ARM.Collect$$libinit$$00000033          0x08000202   Section        2  libinit2.o(.ARM.Collect$$libinit$$00000033)
    .ARM.Collect$$libshutdown$$00000000      0x08000204   Section        2  libshutdown.o(.ARM.Collect$$libshutdown$$00000000)
    .ARM.Collect$$libshutdown$$00000003      0x08000206   Section        0  libshutdown2.o(.ARM.Collect$$libshutdown$$00000003)
    .ARM.Collect$$libshutdown$$00000006      0x08000206   Section        0  libshutdown2.o(.ARM.Collect$$libshutdown$$00000006)
    .ARM.Collect$$libshutdown$$00000009      0x08000206   Section        0  libshutdown2.o(.ARM.Collect$$libshutdown$$00000009)
    .ARM.Collect$$libshutdown$$0000000B      0x08000206   Section        0  libshutdown2.o(.ARM.Collect$$libshutdown$$0000000B)
    .ARM.Collect$$libshutdown$$0000000E      0x08000206   Section        0  libshutdown2.o(.ARM.Collect$$libshutdown$$0000000E)
    .ARM.Collect$$libshutdown$$0000000F      0x08000206   Section        2  libshutdown2.o(.ARM.Collect$$libshutdown$$0000000F)
    .ARM.Collect$$rtentry$$00000000          0x08000208   Section        0  __rtentry.o(.ARM.Collect$$rtentry$$00000000)
    .ARM.Collect$$rtentry$$00000002          0x08000208   Section        0  __rtentry2.o(.ARM.Collect$$rtentry$$00000002)
    .ARM.Collect$$rtentry$$00000004          0x08000208   Section        6  __rtentry4.o(.ARM.Collect$$rtentry$$00000004)
    .ARM.Collect$$rtentry$$00000009          0x0800020e   Section        0  __rtentry2.o(.ARM.Collect$$rtentry$$00000009)
    .ARM.Collect$$rtentry$$0000000A          0x0800020e   Section        4  __rtentry2.o(.ARM.Collect$$rtentry$$0000000A)
    .ARM.Collect$$rtentry$$0000000C          0x08000212   Section        0  __rtentry2.o(.ARM.Collect$$rtentry$$0000000C)
    .ARM.Collect$$rtentry$$0000000D          0x08000212   Section        8  __rtentry2.o(.ARM.Collect$$rtentry$$0000000D)
    .ARM.Collect$$rtexit$$00000000           0x0800021a   Section        2  rtexit.o(.ARM.Collect$$rtexit$$00000000)
    .ARM.Collect$$rtexit$$00000002           0x0800021c   Section        0  rtexit2.o(.ARM.Collect$$rtexit$$00000002)
    .ARM.Collect$$rtexit$$00000003           0x0800021c   Section        4  rtexit2.o(.ARM.Collect$$rtexit$$00000003)
    .ARM.Collect$$rtexit$$00000004           0x08000220   Section        6  rtexit2.o(.ARM.Collect$$rtexit$$00000004)
    .text                                    0x08000228   Section        0  main.o(.text)
    .text                                    0x080002f0   Section        0  stm32f4xx_it.o(.text)
    .text                                    0x0800030c   Section        0  system_stm32f4xx.o(.text)
    SetSysClock                              0x0800030d   Thumb Code   220  system_stm32f4xx.o(.text)
    .text                                    0x0800051c   Section        0  nrf24l01.o(.text)
    .text                                    0x08001484   Section        0  robot.o(.text)
    .text                                    0x080018b0   Section        0  packet.o(.text)
    .text                                    0x08001d08   Section        0  comm.o(.text)
    .text                                    0x08001f08   Section        0  task.o(.text)
    .text                                    0x08002a20   Section        0  timer.o(.text)
    .text                                    0x08002ab0   Section        0  exti.o(.text)
    .text                                    0x08002b34   Section        0  led.o(.text)
    .text                                    0x08002b74   Section        0  spi.o(.text)
    .text                                    0x08002ce4   Section        0  fsmc.o(.text)
    SRAM_GPIO_Config                         0x08002ce5   Thumb Code   706  fsmc.o(.text)
    .text                                    0x08003054   Section        0  delay.o(.text)
    .text                                    0x08003158   Section       64  startup_stm32f40_41xxx.o(.text)
    $v0                                      0x08003158   Number         0  startup_stm32f40_41xxx.o(.text)
    .text                                    0x08003198   Section        0  misc.o(.text)
    .text                                    0x08003278   Section        0  stm32f4xx_gpio.o(.text)
    .text                                    0x0800350c   Section        0  stm32f4xx_fsmc.o(.text)
    .text                                    0x08003ad4   Section        0  stm32f4xx_rcc.o(.text)
    .text                                    0x08004130   Section        0  stm32f4xx_syscfg.o(.text)
    .text                                    0x080041c4   Section        0  stm32f4xx_tim.o(.text)
    TI4_Config                               0x08004963   Thumb Code    80  stm32f4xx_tim.o(.text)
    TI3_Config                               0x080049c5   Thumb Code    72  stm32f4xx_tim.o(.text)
    TI2_Config                               0x08004a27   Thumb Code    90  stm32f4xx_tim.o(.text)
    TI1_Config                               0x08004a93   Thumb Code    58  stm32f4xx_tim.o(.text)
    .text                                    0x08004e68   Section        0  stm32f4xx_exti.o(.text)
    .text                                    0x08004f78   Section       78  rt_memclr_w.o(.text)
    .text                                    0x08004fc6   Section        0  heapauxi.o(.text)
    .text                                    0x08004fcc   Section        0  _rserrno.o(.text)
    .text                                    0x08004fe4   Section        8  rt_errno_addr_intlibspace.o(.text)
    .text                                    0x08004fec   Section        8  libspace.o(.text)
    .text                                    0x08004ff4   Section       74  sys_stackheap_outer.o(.text)
    .text                                    0x0800503e   Section        0  exit.o(.text)
    .text                                    0x0800504a   Section        2  use_no_semi.o(.text)
    .text                                    0x0800504c   Section        0  sys_exit.o(.text)
    .text                                    0x0800504c   Section        0  indicate_semi.o(.text)
    i.__ARM_fpclassify                       0x08005058   Section        0  fpclassify.o(i.__ARM_fpclassify)
    i.__hardfp_cos                           0x08005088   Section        0  cos.o(i.__hardfp_cos)
    i.__hardfp_sin                           0x08005150   Section        0  sin.o(i.__hardfp_sin)
    i.__hardfp_sqrt                          0x08005218   Section        0  sqrt.o(i.__hardfp_sqrt)
    i.__ieee754_rem_pio2                     0x08005298   Section        0  rred.o(i.__ieee754_rem_pio2)
    i.__kernel_cos                           0x080056d0   Section        0  cos_i.o(i.__kernel_cos)
    i.__kernel_poly                          0x08005840   Section        0  poly.o(i.__kernel_poly)
    i.__kernel_sin                           0x08005938   Section        0  sin_i.o(i.__kernel_sin)
    i.__mathlib_dbl_infnan                   0x08005a68   Section        0  dunder.o(i.__mathlib_dbl_infnan)
    i.__mathlib_dbl_invalid                  0x08005a80   Section        0  dunder.o(i.__mathlib_dbl_invalid)
    i.__mathlib_dbl_underflow                0x08005aa0   Section        0  dunder.o(i.__mathlib_dbl_underflow)
    i.fabs                                   0x08005ac0   Section        0  fabs.o(i.fabs)
    x$fpl$basic                              0x08005ad8   Section       24  basic.o(x$fpl$basic)
    $v0                                      0x08005ad8   Number         0  basic.o(x$fpl$basic)
    x$fpl$d2f                                0x08005af0   Section       98  d2f.o(x$fpl$d2f)
    $v0                                      0x08005af0   Number         0  d2f.o(x$fpl$d2f)
    x$fpl$dadd                               0x08005b54   Section      336  daddsub_clz.o(x$fpl$dadd)
    $v0                                      0x08005b54   Number         0  daddsub_clz.o(x$fpl$dadd)
    _dadd1                                   0x08005b65   Thumb Code     0  daddsub_clz.o(x$fpl$dadd)
    x$fpl$dcmpinf                            0x08005ca4   Section       24  dcmpi.o(x$fpl$dcmpinf)
    $v0                                      0x08005ca4   Number         0  dcmpi.o(x$fpl$dcmpinf)
    x$fpl$ddiv                               0x08005cbc   Section      688  ddiv.o(x$fpl$ddiv)
    $v0                                      0x08005cbc   Number         0  ddiv.o(x$fpl$ddiv)
    ddiv_entry                               0x08005cc3   Thumb Code     0  ddiv.o(x$fpl$ddiv)
    x$fpl$dfix                               0x08005f6c   Section       94  dfix.o(x$fpl$dfix)
    $v0                                      0x08005f6c   Number         0  dfix.o(x$fpl$dfix)
    x$fpl$dflt                               0x08005fca   Section       46  dflt_clz.o(x$fpl$dflt)
    $v0                                      0x08005fca   Number         0  dflt_clz.o(x$fpl$dflt)
    x$fpl$dfltu                              0x08005ff8   Section       38  dflt_clz.o(x$fpl$dfltu)
    $v0                                      0x08005ff8   Number         0  dflt_clz.o(x$fpl$dfltu)
    x$fpl$dleqf                              0x08006020   Section      120  dleqf.o(x$fpl$dleqf)
    $v0                                      0x08006020   Number         0  dleqf.o(x$fpl$dleqf)
    x$fpl$dmul                               0x08006098   Section      340  dmul.o(x$fpl$dmul)
    $v0                                      0x08006098   Number         0  dmul.o(x$fpl$dmul)
    x$fpl$dnaninf                            0x080061ec   Section      156  dnaninf.o(x$fpl$dnaninf)
    $v0                                      0x080061ec   Number         0  dnaninf.o(x$fpl$dnaninf)
    x$fpl$dretinf                            0x08006288   Section       12  dretinf.o(x$fpl$dretinf)
    $v0                                      0x08006288   Number         0  dretinf.o(x$fpl$dretinf)
    x$fpl$drleqf                             0x08006294   Section      108  drleqf.o(x$fpl$drleqf)
    $v0                                      0x08006294   Number         0  drleqf.o(x$fpl$drleqf)
    x$fpl$drsb                               0x08006300   Section       22  daddsub_clz.o(x$fpl$drsb)
    $v0                                      0x08006300   Number         0  daddsub_clz.o(x$fpl$drsb)
    x$fpl$dsqrt                              0x08006318   Section      408  dsqrt_umaal.o(x$fpl$dsqrt)
    $v0                                      0x08006318   Number         0  dsqrt_umaal.o(x$fpl$dsqrt)
    x$fpl$dsub                               0x080064b0   Section      468  daddsub_clz.o(x$fpl$dsub)
    $v0                                      0x080064b0   Number         0  daddsub_clz.o(x$fpl$dsub)
    _dsub1                                   0x080064c1   Thumb Code     0  daddsub_clz.o(x$fpl$dsub)
    x$fpl$f2d                                0x08006684   Section       86  f2d.o(x$fpl$f2d)
    $v0                                      0x08006684   Number         0  f2d.o(x$fpl$f2d)
    x$fpl$fnaninf                            0x080066da   Section      140  fnaninf.o(x$fpl$fnaninf)
    $v0                                      0x080066da   Number         0  fnaninf.o(x$fpl$fnaninf)
    x$fpl$fpinit                             0x08006766   Section       10  fpinit.o(x$fpl$fpinit)
    $v0                                      0x08006766   Number         0  fpinit.o(x$fpl$fpinit)
    x$fpl$fretinf                            0x08006770   Section       10  fretinf.o(x$fpl$fretinf)
    $v0                                      0x08006770   Number         0  fretinf.o(x$fpl$fretinf)
    x$fpl$usenofp                            0x0800677a   Section        0  usenofp.o(x$fpl$usenofp)
    .constdata                               0x0800677c   Section       16  robot.o(.constdata)
    .constdata                               0x0800678c   Section       28  stm32f4xx_fsmc.o(.constdata)
    .constdata                               0x080067a8   Section       48  cos_i.o(.constdata)
    C                                        0x080067a8   Data          48  cos_i.o(.constdata)
    .constdata                               0x080067d8   Section      200  rred.o(.constdata)
    pio2s                                    0x080067d8   Data          48  rred.o(.constdata)
    twooverpi                                0x08006808   Data         152  rred.o(.constdata)
    .constdata                               0x080068a0   Section       40  sin_i.o(.constdata)
    S                                        0x080068a0   Data          40  sin_i.o(.constdata)
    .data                                    0x20000000   Section       20  system_stm32f4xx.o(.data)
    .data                                    0x20000014   Section        1  packet.o(.data)
    .data                                    0x20000015   Section        1  comm.o(.data)
    .data                                    0x20000018   Section        4  timer.o(.data)
    System_Counter                           0x20000018   Data           4  timer.o(.data)
    .data                                    0x2000001c   Section        4  delay.o(.data)
    fac_us                                   0x2000001c   Data           1  delay.o(.data)
    fac_ms                                   0x2000001e   Data           2  delay.o(.data)
    .data                                    0x20000020   Section       16  stm32f4xx_rcc.o(.data)
    APBAHBPrescTable                         0x20000020   Data          16  stm32f4xx_rcc.o(.data)
    .bss                                     0x20000030   Section       32  main.o(.bss)
    .bss                                     0x20000050   Section     1144  comm.o(.bss)
    .bss                                     0x200004c8   Section       96  libspace.o(.bss)
    HEAP                                     0x20000528   Section      512  startup_stm32f40_41xxx.o(HEAP)
    Heap_Mem                                 0x20000528   Data         512  startup_stm32f40_41xxx.o(HEAP)
    STACK                                    0x20000728   Section     1024  startup_stm32f40_41xxx.o(STACK)
    Stack_Mem                                0x20000728   Data        1024  startup_stm32f40_41xxx.o(STACK)
    __initial_sp                             0x20000b28   Data           0  startup_stm32f40_41xxx.o(STACK)

    Global Symbols

    Symbol Name                              Value     Ov Type        Size  Object(Section)

    BuildAttributes$$THM_ISAv4$E$P$D$K$B$S$7EM$VFPi3$EXTD16$VFPS$VFMA$PE$A:L22UL41UL21$X:L11$S22US41US21$IEEE1$IW$USESV6$~STKCKD$USESV7$~SHL$OTIME$ROPI$IEEEX$EBA8$UX$STANDARDLIB$REQ8$PRES8$EABIv2 0x00000000   Number         0  anon$$obj.o ABSOLUTE
    __ARM_use_no_argv                        0x00000000   Number         0  main.o ABSOLUTE
    _printf_flags                            0x00000000   Number         0  printf_stubs.o ABSOLUTE
    _printf_return_value                     0x00000000   Number         0  printf_stubs.o ABSOLUTE
    _printf_sizespec                         0x00000000   Number         0  printf_stubs.o ABSOLUTE
    _printf_widthprec                        0x00000000   Number         0  printf_stubs.o ABSOLUTE
    __ARM_exceptions_init                     - Undefined Weak Reference
    __alloca_initialize                       - Undefined Weak Reference
    __arm_preinit_                            - Undefined Weak Reference
    __cpp_initialize__aeabi_                  - Undefined Weak Reference
    __cxa_finalize                            - Undefined Weak Reference
    __rt_locale                               - Undefined Weak Reference
    __sigvec_lookup                           - Undefined Weak Reference
    __user_heap_extent                        - Undefined Weak Reference
    _atexit_init                              - Undefined Weak Reference
    _call_atexit_fns                          - Undefined Weak Reference
    _clock_init                               - Undefined Weak Reference
    _fp_trap_init                             - Undefined Weak Reference
    _fp_trap_shutdown                         - Undefined Weak Reference
    _get_lc_collate                           - Undefined Weak Reference
    _get_lc_ctype                             - Undefined Weak Reference
    _get_lc_monetary                          - Undefined Weak Reference
    _get_lc_numeric                           - Undefined Weak Reference
    _get_lc_time                              - Undefined Weak Reference
    _getenv_init                              - Undefined Weak Reference
    _handle_redirection                       - Undefined Weak Reference
    _mutex_acquire                            - Undefined Weak Reference
    _mutex_free                               - Undefined Weak Reference
    _mutex_release                            - Undefined Weak Reference
    _printf_truncate_signed                   - Undefined Weak Reference
    _printf_truncate_unsigned                 - Undefined Weak Reference
    _rand_init                                - Undefined Weak Reference
    _signal_finish                            - Undefined Weak Reference
    _signal_init                              - Undefined Weak Reference
    __Vectors_Size                           0x00000188   Number         0  startup_stm32f40_41xxx.o ABSOLUTE
    __Vectors                                0x08000000   Data           4  startup_stm32f40_41xxx.o(RESET)
    __Vectors_End                            0x08000188   Data           0  startup_stm32f40_41xxx.o(RESET)
    __main                                   0x08000189   Thumb Code     8  __main.o(!!!main)
    __scatterload                            0x08000191   Thumb Code     0  __scatter.o(!!!scatter)
    __scatterload_rt2                        0x08000191   Thumb Code    44  __scatter.o(!!!scatter)
    __scatterload_rt2_thumb_only             0x08000191   Thumb Code     0  __scatter.o(!!!scatter)
    __scatterload_null                       0x0800019f   Thumb Code     0  __scatter.o(!!!scatter)
    __scatterload_copy                       0x080001c5   Thumb Code    26  __scatter_copy.o(!!handler_copy)
    __scatterload_zeroinit                   0x080001e1   Thumb Code    28  __scatter_zi.o(!!handler_zi)
    __rt_lib_init                            0x080001fd   Thumb Code     0  libinit.o(.ARM.Collect$$libinit$$00000000)
    __rt_lib_init_fp_1                       0x080001ff   Thumb Code     0  libinit2.o(.ARM.Collect$$libinit$$00000001)
    __rt_lib_init_alloca_1                   0x08000203   Thumb Code     0  libinit2.o(.ARM.Collect$$libinit$$0000002E)
    __rt_lib_init_argv_1                     0x08000203   Thumb Code     0  libinit2.o(.ARM.Collect$$libinit$$0000002C)
    __rt_lib_init_atexit_1                   0x08000203   Thumb Code     0  libinit2.o(.ARM.Collect$$libinit$$0000001B)
    __rt_lib_init_clock_1                    0x08000203   Thumb Code     0  libinit2.o(.ARM.Collect$$libinit$$00000021)
    __rt_lib_init_cpp_1                      0x08000203   Thumb Code     0  libinit2.o(.ARM.Collect$$libinit$$00000032)
    __rt_lib_init_exceptions_1               0x08000203   Thumb Code     0  libinit2.o(.ARM.Collect$$libinit$$00000030)
    __rt_lib_init_fp_trap_1                  0x08000203   Thumb Code     0  libinit2.o(.ARM.Collect$$libinit$$0000001F)
    __rt_lib_init_getenv_1                   0x08000203   Thumb Code     0  libinit2.o(.ARM.Collect$$libinit$$00000023)
    __rt_lib_init_heap_1                     0x08000203   Thumb Code     0  libinit2.o(.ARM.Collect$$libinit$$0000000A)
    __rt_lib_init_lc_collate_1               0x08000203   Thumb Code     0  libinit2.o(.ARM.Collect$$libinit$$00000011)
    __rt_lib_init_lc_ctype_1                 0x08000203   Thumb Code     0  libinit2.o(.ARM.Collect$$libinit$$00000013)
    __rt_lib_init_lc_monetary_1              0x08000203   Thumb Code     0  libinit2.o(.ARM.Collect$$libinit$$00000015)
    __rt_lib_init_lc_numeric_1               0x08000203   Thumb Code     0  libinit2.o(.ARM.Collect$$libinit$$00000017)
    __rt_lib_init_lc_time_1                  0x08000203   Thumb Code     0  libinit2.o(.ARM.Collect$$libinit$$00000019)
    __rt_lib_init_preinit_1                  0x08000203   Thumb Code     0  libinit2.o(.ARM.Collect$$libinit$$00000004)
    __rt_lib_init_rand_1                     0x08000203   Thumb Code     0  libinit2.o(.ARM.Collect$$libinit$$0000000E)
    __rt_lib_init_return                     0x08000203   Thumb Code     0  libinit2.o(.ARM.Collect$$libinit$$00000033)
    __rt_lib_init_signal_1                   0x08000203   Thumb Code     0  libinit2.o(.ARM.Collect$$libinit$$0000001D)
    __rt_lib_init_stdio_1                    0x08000203   Thumb Code     0  libinit2.o(.ARM.Collect$$libinit$$00000025)
    __rt_lib_init_user_alloc_1               0x08000203   Thumb Code     0  libinit2.o(.ARM.Collect$$libinit$$0000000C)
    __rt_lib_shutdown                        0x08000205   Thumb Code     0  libshutdown.o(.ARM.Collect$$libshutdown$$00000000)
    __rt_lib_shutdown_fp_trap_1              0x08000207   Thumb Code     0  libshutdown2.o(.ARM.Collect$$libshutdown$$00000006)
    __rt_lib_shutdown_heap_1                 0x08000207   Thumb Code     0  libshutdown2.o(.ARM.Collect$$libshutdown$$0000000E)
    __rt_lib_shutdown_return                 0x08000207   Thumb Code     0  libshutdown2.o(.ARM.Collect$$libshutdown$$0000000F)
    __rt_lib_shutdown_signal_1               0x08000207   Thumb Code     0  libshutdown2.o(.ARM.Collect$$libshutdown$$00000009)
    __rt_lib_shutdown_stdio_1                0x08000207   Thumb Code     0  libshutdown2.o(.ARM.Collect$$libshutdown$$00000003)
    __rt_lib_shutdown_user_alloc_1           0x08000207   Thumb Code     0  libshutdown2.o(.ARM.Collect$$libshutdown$$0000000B)
    __rt_entry                               0x08000209   Thumb Code     0  __rtentry.o(.ARM.Collect$$rtentry$$00000000)
    __rt_entry_presh_1                       0x08000209   Thumb Code     0  __rtentry2.o(.ARM.Collect$$rtentry$$00000002)
    __rt_entry_sh                            0x08000209   Thumb Code     0  __rtentry4.o(.ARM.Collect$$rtentry$$00000004)
    __rt_entry_li                            0x0800020f   Thumb Code     0  __rtentry2.o(.ARM.Collect$$rtentry$$0000000A)
    __rt_entry_postsh_1                      0x0800020f   Thumb Code     0  __rtentry2.o(.ARM.Collect$$rtentry$$00000009)
    __rt_entry_main                          0x08000213   Thumb Code     0  __rtentry2.o(.ARM.Collect$$rtentry$$0000000D)
    __rt_entry_postli_1                      0x08000213   Thumb Code     0  __rtentry2.o(.ARM.Collect$$rtentry$$0000000C)
    __rt_exit                                0x0800021b   Thumb Code     0  rtexit.o(.ARM.Collect$$rtexit$$00000000)
    __rt_exit_ls                             0x0800021d   Thumb Code     0  rtexit2.o(.ARM.Collect$$rtexit$$00000003)
    __rt_exit_prels_1                        0x0800021d   Thumb Code     0  rtexit2.o(.ARM.Collect$$rtexit$$00000002)
    __rt_exit_exit                           0x08000221   Thumb Code     0  rtexit2.o(.ARM.Collect$$rtexit$$00000004)
    MCO1_GPIO_Config                         0x08000229   Thumb Code    50  main.o(.text)
    MCO2_GPIO_Config                         0x0800025b   Thumb Code    50  main.o(.text)
    main                                     0x0800028d   Thumb Code    88  main.o(.text)
    NMI_Handler                              0x080002f1   Thumb Code     2  stm32f4xx_it.o(.text)
    HardFault_Handler                        0x080002f3   Thumb Code     4  stm32f4xx_it.o(.text)
    MemManage_Handler                        0x080002f7   Thumb Code     4  stm32f4xx_it.o(.text)
    BusFault_Handler                         0x080002fb   Thumb Code     4  stm32f4xx_it.o(.text)
    UsageFault_Handler                       0x080002ff   Thumb Code     4  stm32f4xx_it.o(.text)
    SVC_Handler                              0x08000303   Thumb Code     2  stm32f4xx_it.o(.text)
    DebugMon_Handler                         0x08000305   Thumb Code     2  stm32f4xx_it.o(.text)
    PendSV_Handler                           0x08000307   Thumb Code     2  stm32f4xx_it.o(.text)
    SysTick_Handler                          0x08000309   Thumb Code     2  stm32f4xx_it.o(.text)
    SystemInit                               0x080003e9   Thumb Code    88  system_stm32f4xx.o(.text)
    SystemCoreClockUpdate                    0x08000441   Thumb Code   174  system_stm32f4xx.o(.text)
    NRF24L01_1_GPIO_Init                     0x0800051d   Thumb Code   282  nrf24l01.o(.text)
    drv_spi_read_write_byte                  0x08000637   Thumb Code   138  nrf24l01.o(.text)
    NRF24L01_Read_Reg                        0x080006c1   Thumb Code    46  nrf24l01.o(.text)
    NRF24L01_Read_Buf                        0x080006ef   Thumb Code    60  nrf24l01.o(.text)
    NRF24L01_Write_Reg                       0x0800072b   Thumb Code    46  nrf24l01.o(.text)
    NRF24L01_Write_Buf                       0x08000759   Thumb Code    60  nrf24l01.o(.text)
    NRF24L01_Flush_Tx_Fifo                   0x08000795   Thumb Code    34  nrf24l01.o(.text)
    NRF24L01_Flush_Rx_Fifo                   0x080007b7   Thumb Code    34  nrf24l01.o(.text)
    NRF24L01_Reuse_Tx_Payload                0x080007d9   Thumb Code    34  nrf24l01.o(.text)
    NRF24L01_Nop                             0x080007fb   Thumb Code    34  nrf24l01.o(.text)
    NRF24L01_Read_Status_Register            0x0800081d   Thumb Code    38  nrf24l01.o(.text)
    NRF24L01_Clear_IRQ_Flag                  0x08000843   Thumb Code    60  nrf24l01.o(.text)
    RF24L01_Read_IRQ_Status                  0x0800087f   Thumb Code    12  nrf24l01.o(.text)
    NRF24L01_Read_Top_Fifo_Width             0x0800088b   Thumb Code    44  nrf24l01.o(.text)
    NRF24L01_Read_Rx_Payload                 0x080008b7   Thumb Code    78  nrf24l01.o(.text)
    NRF24L01_Write_Tx_Payload_Ack            0x08000905   Thumb Code    76  nrf24l01.o(.text)
    NRF24L01_Write_Tx_Payload_NoAck          0x08000951   Thumb Code    68  nrf24l01.o(.text)
    NRF24L01_Write_Tx_Payload_InAck          0x08000995   Thumb Code    68  nrf24l01.o(.text)
    NRF24L01_Set_TxAddr                      0x080009d9   Thumb Code    30  nrf24l01.o(.text)
    NRF24L01_Set_RxAddr                      0x080009f7   Thumb Code    48  nrf24l01.o(.text)
    NRF24L01_Set_Speed                       0x08000a27   Thumb Code    54  nrf24l01.o(.text)
    NRF24L01_Set_Power                       0x08000a5d   Thumb Code    66  nrf24l01.o(.text)
    RF24LL01_Write_Hopping_Point             0x08000a9f   Thumb Code    16  nrf24l01.o(.text)
    NRF24L01_check                           0x08000aaf   Thumb Code    78  nrf24l01.o(.text)
    RF24L01_Set_Mode                         0x08000afd   Thumb Code    40  nrf24l01.o(.text)
    NRF24L01_TxPacket                        0x08000b25   Thumb Code   140  nrf24l01.o(.text)
    NRF24L01_RxPacket                        0x08000bb1   Thumb Code    66  nrf24l01.o(.text)
    RF24L01_Init                             0x08000bf3   Thumb Code   132  nrf24l01.o(.text)
    drv_spi_read_write_string                0x08000c77   Thumb Code    58  nrf24l01.o(.text)
    NRF24L01_2_GPIO_Init                     0x08000cb1   Thumb Code   304  nrf24l01.o(.text)
    drv_spi_read_write_byte_2                0x08000de1   Thumb Code   160  nrf24l01.o(.text)
    NRF24L01_Read_Reg_2                      0x08000e81   Thumb Code    46  nrf24l01.o(.text)
    NRF24L01_Read_Buf_2                      0x08000eaf   Thumb Code    60  nrf24l01.o(.text)
    NRF24L01_Write_Reg_2                     0x08000eeb   Thumb Code    46  nrf24l01.o(.text)
    NRF24L01_Write_Buf_2                     0x08000f19   Thumb Code    60  nrf24l01.o(.text)
    NRF24L01_Flush_Tx_Fifo_2                 0x08000f55   Thumb Code    34  nrf24l01.o(.text)
    NRF24L01_Flush_Rx_Fifo_2                 0x08000f77   Thumb Code    34  nrf24l01.o(.text)
    NRF24L01_Reuse_Tx_Payload_2              0x08000f99   Thumb Code    34  nrf24l01.o(.text)
    NRF24L01_Nop_2                           0x08000fbb   Thumb Code    34  nrf24l01.o(.text)
    NRF24L01_Read_Status_Register_2          0x08000fdd   Thumb Code    38  nrf24l01.o(.text)
    NRF24L01_Clear_IRQ_Flag_2                0x08001003   Thumb Code    60  nrf24l01.o(.text)
    RF24L01_Read_IRQ_Status_2                0x0800103f   Thumb Code    12  nrf24l01.o(.text)
    NRF24L01_Read_Top_Fifo_Width_2           0x0800104b   Thumb Code    44  nrf24l01.o(.text)
    NRF24L01_Read_Rx_Payload_2               0x08001077   Thumb Code    78  nrf24l01.o(.text)
    NRF24L01_Write_Tx_Payload_Ack_2          0x080010c5   Thumb Code    72  nrf24l01.o(.text)
    NRF24L01_Write_Tx_Payload_NoAck_2        0x0800110d   Thumb Code    80  nrf24l01.o(.text)
    NRF24L01_Write_Tx_Payload_InAck_2        0x0800115d   Thumb Code    68  nrf24l01.o(.text)
    NRF24L01_Set_TxAddr_2                    0x080011a1   Thumb Code    30  nrf24l01.o(.text)
    NRF24L01_Set_RxAddr_2                    0x080011bf   Thumb Code    48  nrf24l01.o(.text)
    NRF24L01_Set_Speed_2                     0x080011ef   Thumb Code    54  nrf24l01.o(.text)
    NRF24L01_Set_Power_2                     0x08001225   Thumb Code    66  nrf24l01.o(.text)
    RF24LL01_Write_Hopping_Point_2           0x08001267   Thumb Code    16  nrf24l01.o(.text)
    NRF24L01_check_2                         0x08001277   Thumb Code    80  nrf24l01.o(.text)
    RF24L01_Set_Mode_2                       0x080012c7   Thumb Code    40  nrf24l01.o(.text)
    NRF24L01_TxPacket_2                      0x080012ef   Thumb Code   140  nrf24l01.o(.text)
    NRF24L01_RxPacket_2                      0x0800137b   Thumb Code    66  nrf24l01.o(.text)
    RF24L01_Init_2                           0x080013bd   Thumb Code   134  nrf24l01.o(.text)
    drv_spi_read_write_string_2              0x08001443   Thumb Code    58  nrf24l01.o(.text)
    robot_init                               0x08001485   Thumb Code   218  robot.o(.text)
    do_acc_handle_move                       0x0800155f   Thumb Code   114  robot.o(.text)
    on_robot_command                         0x080015d1   Thumb Code    24  robot.o(.text)
    V2N                                      0x080015e9   Thumb Code    20  robot.o(.text)
    do_move                                  0x080015fd   Thumb Code   378  robot.o(.text)
    max_acc                                  0x08001777   Thumb Code    84  robot.o(.text)
    set_dribbler                             0x080017cb   Thumb Code    44  robot.o(.text)
    set_shooter                              0x080017f7   Thumb Code    52  robot.o(.text)
    do_shoot_or_chip                         0x0800182b   Thumb Code    32  robot.o(.text)
    decode_packet_robot                      0x080018b1   Thumb Code   966  packet.o(.text)
    packet                                   0x08001c77   Thumb Code    44  packet.o(.text)
    stop_mode_packet                         0x08001ca3   Thumb Code    54  packet.o(.text)
    get_packet_type                          0x08001cd9   Thumb Code    42  packet.o(.text)
    do_packet_process                        0x08001d09   Thumb Code    60  comm.o(.text)
    do_comm                                  0x08001d45   Thumb Code    36  comm.o(.text)
    do_comm_up                               0x08001d69   Thumb Code   394  comm.o(.text)
    task_create                              0x08001f09   Thumb Code   308  task.o(.text)
    task_delete                              0x0800203d   Thumb Code    14  task.o(.text)
    task_update                              0x0800204b   Thumb Code  2498  task.o(.text)
    task_delete_all                          0x08002a0d   Thumb Code    16  task.o(.text)
    TIM3_Int_Init                            0x08002a21   Thumb Code    88  timer.o(.text)
    do_timer                                 0x08002a79   Thumb Code    20  timer.o(.text)
    TIM3_IRQHandler                          0x08002a8d   Thumb Code    28  timer.o(.text)
    EXTI15_10_IRQHandler                     0x08002ab1   Thumb Code    40  exti.o(.text)
    EXTIX_Init                               0x08002ad9   Thumb Code    80  exti.o(.text)
    LED_Init                                 0x08002b35   Thumb Code    60  led.o(.text)
    SPI_Master_Init                          0x08002b75   Thumb Code   186  spi.o(.text)
    SPI_Master_ReadWrite_Byte                0x08002c2f   Thumb Code   172  spi.o(.text)
    FSMC_SRAM_Init                           0x08002fa7   Thumb Code    96  fsmc.o(.text)
    SRAM_WriteBuffer                         0x08003007   Thumb Code    30  fsmc.o(.text)
    SRAM_ReadBuffer                          0x08003025   Thumb Code    30  fsmc.o(.text)
    delay_init                               0x08003055   Thumb Code    52  delay.o(.text)
    delay_us                                 0x08003089   Thumb Code    72  delay.o(.text)
    delay_xms                                0x080030d1   Thumb Code    72  delay.o(.text)
    delay_ms                                 0x08003119   Thumb Code    56  delay.o(.text)
    Reset_Handler                            0x08003159   Thumb Code     8  startup_stm32f40_41xxx.o(.text)
    ADC_IRQHandler                           0x08003173   Thumb Code     0  startup_stm32f40_41xxx.o(.text)
    CAN1_RX0_IRQHandler                      0x08003173   Thumb Code     0  startup_stm32f40_41xxx.o(.text)
    CAN1_RX1_IRQHandler                      0x08003173   Thumb Code     0  startup_stm32f40_41xxx.o(.text)
    CAN1_SCE_IRQHandler                      0x08003173   Thumb Code     0  startup_stm32f40_41xxx.o(.text)
    CAN1_TX_IRQHandler                       0x08003173   Thumb Code     0  startup_stm32f40_41xxx.o(.text)
    CAN2_RX0_IRQHandler                      0x08003173   Thumb Code     0  startup_stm32f40_41xxx.o(.text)
    CAN2_RX1_IRQHandler                      0x08003173   Thumb Code     0  startup_stm32f40_41xxx.o(.text)
    CAN2_SCE_IRQHandler                      0x08003173   Thumb Code     0  startup_stm32f40_41xxx.o(.text)
    CAN2_TX_IRQHandler                       0x08003173   Thumb Code     0  startup_stm32f40_41xxx.o(.text)
    CRYP_IRQHandler                          0x08003173   Thumb Code     0  startup_stm32f40_41xxx.o(.text)
    DCMI_IRQHandler                          0x08003173   Thumb Code     0  startup_stm32f40_41xxx.o(.text)
    DMA1_Stream0_IRQHandler                  0x08003173   Thumb Code     0  startup_stm32f40_41xxx.o(.text)
    DMA1_Stream1_IRQHandler                  0x08003173   Thumb Code     0  startup_stm32f40_41xxx.o(.text)
    DMA1_Stream2_IRQHandler                  0x08003173   Thumb Code     0  startup_stm32f40_41xxx.o(.text)
    DMA1_Stream3_IRQHandler                  0x08003173   Thumb Code     0  startup_stm32f40_41xxx.o(.text)
    DMA1_Stream4_IRQHandler                  0x08003173   Thumb Code     0  startup_stm32f40_41xxx.o(.text)
    DMA1_Stream5_IRQHandler                  0x08003173   Thumb Code     0  startup_stm32f40_41xxx.o(.text)
    DMA1_Stream6_IRQHandler                  0x08003173   Thumb Code     0  startup_stm32f40_41xxx.o(.text)
    DMA1_Stream7_IRQHandler                  0x08003173   Thumb Code     0  startup_stm32f40_41xxx.o(.text)
    DMA2_Stream0_IRQHandler                  0x08003173   Thumb Code     0  startup_stm32f40_41xxx.o(.text)
    DMA2_Stream1_IRQHandler                  0x08003173   Thumb Code     0  startup_stm32f40_41xxx.o(.text)
    DMA2_Stream2_IRQHandler                  0x08003173   Thumb Code     0  startup_stm32f40_41xxx.o(.text)
    DMA2_Stream3_IRQHandler                  0x08003173   Thumb Code     0  startup_stm32f40_41xxx.o(.text)
    DMA2_Stream4_IRQHandler                  0x08003173   Thumb Code     0  startup_stm32f40_41xxx.o(.text)
    DMA2_Stream5_IRQHandler                  0x08003173   Thumb Code     0  startup_stm32f40_41xxx.o(.text)
    DMA2_Stream6_IRQHandler                  0x08003173   Thumb Code     0  startup_stm32f40_41xxx.o(.text)
    DMA2_Stream7_IRQHandler                  0x08003173   Thumb Code     0  startup_stm32f40_41xxx.o(.text)
    ETH_IRQHandler                           0x08003173   Thumb Code     0  startup_stm32f40_41xxx.o(.text)
    ETH_WKUP_IRQHandler                      0x08003173   Thumb Code     0  startup_stm32f40_41xxx.o(.text)
    EXTI0_IRQHandler                         0x08003173   Thumb Code     0  startup_stm32f40_41xxx.o(.text)
    EXTI1_IRQHandler                         0x08003173   Thumb Code     0  startup_stm32f40_41xxx.o(.text)
    EXTI2_IRQHandler                         0x08003173   Thumb Code     0  startup_stm32f40_41xxx.o(.text)
    EXTI3_IRQHandler                         0x08003173   Thumb Code     0  startup_stm32f40_41xxx.o(.text)
    EXTI4_IRQHandler                         0x08003173   Thumb Code     0  startup_stm32f40_41xxx.o(.text)
    EXTI9_5_IRQHandler                       0x08003173   Thumb Code     0  startup_stm32f40_41xxx.o(.text)
    FLASH_IRQHandler                         0x08003173   Thumb Code     0  startup_stm32f40_41xxx.o(.text)
    FPU_IRQHandler                           0x08003173   Thumb Code     0  startup_stm32f40_41xxx.o(.text)
    FSMC_IRQHandler                          0x08003173   Thumb Code     0  startup_stm32f40_41xxx.o(.text)
    HASH_RNG_IRQHandler                      0x08003173   Thumb Code     0  startup_stm32f40_41xxx.o(.text)
    I2C1_ER_IRQHandler                       0x08003173   Thumb Code     0  startup_stm32f40_41xxx.o(.text)
    I2C1_EV_IRQHandler                       0x08003173   Thumb Code     0  startup_stm32f40_41xxx.o(.text)
    I2C2_ER_IRQHandler                       0x08003173   Thumb Code     0  startup_stm32f40_41xxx.o(.text)
    I2C2_EV_IRQHandler                       0x08003173   Thumb Code     0  startup_stm32f40_41xxx.o(.text)
    I2C3_ER_IRQHandler                       0x08003173   Thumb Code     0  startup_stm32f40_41xxx.o(.text)
    I2C3_EV_IRQHandler                       0x08003173   Thumb Code     0  startup_stm32f40_41xxx.o(.text)
    OTG_FS_IRQHandler                        0x08003173   Thumb Code     0  startup_stm32f40_41xxx.o(.text)
    OTG_FS_WKUP_IRQHandler                   0x08003173   Thumb Code     0  startup_stm32f40_41xxx.o(.text)
    OTG_HS_EP1_IN_IRQHandler                 0x08003173   Thumb Code     0  startup_stm32f40_41xxx.o(.text)
    OTG_HS_EP1_OUT_IRQHandler                0x08003173   Thumb Code     0  startup_stm32f40_41xxx.o(.text)
    OTG_HS_IRQHandler                        0x08003173   Thumb Code     0  startup_stm32f40_41xxx.o(.text)
    OTG_HS_WKUP_IRQHandler                   0x08003173   Thumb Code     0  startup_stm32f40_41xxx.o(.text)
    PVD_IRQHandler                           0x08003173   Thumb Code     0  startup_stm32f40_41xxx.o(.text)
    RCC_IRQHandler                           0x08003173   Thumb Code     0  startup_stm32f40_41xxx.o(.text)
    RTC_Alarm_IRQHandler                     0x08003173   Thumb Code     0  startup_stm32f40_41xxx.o(.text)
    RTC_WKUP_IRQHandler                      0x08003173   Thumb Code     0  startup_stm32f40_41xxx.o(.text)
    SDIO_IRQHandler                          0x08003173   Thumb Code     0  startup_stm32f40_41xxx.o(.text)
    SPI1_IRQHandler                          0x08003173   Thumb Code     0  startup_stm32f40_41xxx.o(.text)
    SPI2_IRQHandler                          0x08003173   Thumb Code     0  startup_stm32f40_41xxx.o(.text)
    SPI3_IRQHandler                          0x08003173   Thumb Code     0  startup_stm32f40_41xxx.o(.text)
    TAMP_STAMP_IRQHandler                    0x08003173   Thumb Code     0  startup_stm32f40_41xxx.o(.text)
    TIM1_BRK_TIM9_IRQHandler                 0x08003173   Thumb Code     0  startup_stm32f40_41xxx.o(.text)
    TIM1_CC_IRQHandler                       0x08003173   Thumb Code     0  startup_stm32f40_41xxx.o(.text)
    TIM1_TRG_COM_TIM11_IRQHandler            0x08003173   Thumb Code     0  startup_stm32f40_41xxx.o(.text)
    TIM1_UP_TIM10_IRQHandler                 0x08003173   Thumb Code     0  startup_stm32f40_41xxx.o(.text)
    TIM2_IRQHandler                          0x08003173   Thumb Code     0  startup_stm32f40_41xxx.o(.text)
    TIM4_IRQHandler                          0x08003173   Thumb Code     0  startup_stm32f40_41xxx.o(.text)
    TIM5_IRQHandler                          0x08003173   Thumb Code     0  startup_stm32f40_41xxx.o(.text)
    TIM6_DAC_IRQHandler                      0x08003173   Thumb Code     0  startup_stm32f40_41xxx.o(.text)
    TIM7_IRQHandler                          0x08003173   Thumb Code     0  startup_stm32f40_41xxx.o(.text)
    TIM8_BRK_TIM12_IRQHandler                0x08003173   Thumb Code     0  startup_stm32f40_41xxx.o(.text)
    TIM8_CC_IRQHandler                       0x08003173   Thumb Code     0  startup_stm32f40_41xxx.o(.text)
    TIM8_TRG_COM_TIM14_IRQHandler            0x08003173   Thumb Code     0  startup_stm32f40_41xxx.o(.text)
    TIM8_UP_TIM13_IRQHandler                 0x08003173   Thumb Code     0  startup_stm32f40_41xxx.o(.text)
    UART4_IRQHandler                         0x08003173   Thumb Code     0  startup_stm32f40_41xxx.o(.text)
    UART5_IRQHandler                         0x08003173   Thumb Code     0  startup_stm32f40_41xxx.o(.text)
    USART1_IRQHandler                        0x08003173   Thumb Code     0  startup_stm32f40_41xxx.o(.text)
    USART2_IRQHandler                        0x08003173   Thumb Code     0  startup_stm32f40_41xxx.o(.text)
    USART3_IRQHandler                        0x08003173   Thumb Code     0  startup_stm32f40_41xxx.o(.text)
    USART6_IRQHandler                        0x08003173   Thumb Code     0  startup_stm32f40_41xxx.o(.text)
    WWDG_IRQHandler                          0x08003173   Thumb Code     0  startup_stm32f40_41xxx.o(.text)
    __user_initial_stackheap                 0x08003175   Thumb Code     0  startup_stm32f40_41xxx.o(.text)
    NVIC_PriorityGroupConfig                 0x08003199   Thumb Code    10  misc.o(.text)
    NVIC_Init                                0x080031a3   Thumb Code   106  misc.o(.text)
    NVIC_SetVectorTable                      0x0800320d   Thumb Code    14  misc.o(.text)
    NVIC_SystemLPConfig                      0x0800321b   Thumb Code    34  misc.o(.text)
    SysTick_CLKSourceConfig                  0x0800323d   Thumb Code    40  misc.o(.text)
    GPIO_DeInit                              0x08003279   Thumb Code   268  stm32f4xx_gpio.o(.text)
    GPIO_Init                                0x08003385   Thumb Code   144  stm32f4xx_gpio.o(.text)
    GPIO_StructInit                          0x08003415   Thumb Code    18  stm32f4xx_gpio.o(.text)
    GPIO_PinLockConfig                       0x08003427   Thumb Code    34  stm32f4xx_gpio.o(.text)
    GPIO_ReadInputDataBit                    0x08003449   Thumb Code    18  stm32f4xx_gpio.o(.text)
    GPIO_ReadInputData                       0x0800345b   Thumb Code     8  stm32f4xx_gpio.o(.text)
    GPIO_ReadOutputDataBit                   0x08003463   Thumb Code    18  stm32f4xx_gpio.o(.text)
    GPIO_ReadOutputData                      0x08003475   Thumb Code     8  stm32f4xx_gpio.o(.text)
    GPIO_SetBits                             0x0800347d   Thumb Code     4  stm32f4xx_gpio.o(.text)
    GPIO_ResetBits                           0x08003481   Thumb Code     4  stm32f4xx_gpio.o(.text)
    GPIO_WriteBit                            0x08003485   Thumb Code    10  stm32f4xx_gpio.o(.text)
    GPIO_Write                               0x0800348f   Thumb Code     4  stm32f4xx_gpio.o(.text)
    GPIO_ToggleBits                          0x08003493   Thumb Code     8  stm32f4xx_gpio.o(.text)
    GPIO_PinAFConfig                         0x0800349b   Thumb Code    70  stm32f4xx_gpio.o(.text)
    FSMC_NORSRAMDeInit                       0x0800350d   Thumb Code    54  stm32f4xx_fsmc.o(.text)
    FSMC_NORSRAMInit                         0x08003543   Thumb Code   230  stm32f4xx_fsmc.o(.text)
    FSMC_NORSRAMStructInit                   0x08003629   Thumb Code    48  stm32f4xx_fsmc.o(.text)
    FSMC_NORSRAMCmd                          0x08003659   Thumb Code    46  stm32f4xx_fsmc.o(.text)
    FSMC_NANDDeInit                          0x08003687   Thumb Code    62  stm32f4xx_fsmc.o(.text)
    FSMC_NANDInit                            0x080036c5   Thumb Code   132  stm32f4xx_fsmc.o(.text)
    FSMC_NANDStructInit                      0x08003749   Thumb Code    54  stm32f4xx_fsmc.o(.text)
    FSMC_NANDCmd                             0x0800377f   Thumb Code    86  stm32f4xx_fsmc.o(.text)
    FSMC_NANDECCCmd                          0x080037d5   Thumb Code    86  stm32f4xx_fsmc.o(.text)
    FSMC_GetECC                              0x0800382b   Thumb Code    24  stm32f4xx_fsmc.o(.text)
    FSMC_PCCARDDeInit                        0x08003843   Thumb Code    36  stm32f4xx_fsmc.o(.text)
    FSMC_PCCARDInit                          0x08003867   Thumb Code   130  stm32f4xx_fsmc.o(.text)
    FSMC_PCCARDStructInit                    0x080038e9   Thumb Code    60  stm32f4xx_fsmc.o(.text)
    FSMC_PCCARDCmd                           0x08003925   Thumb Code    44  stm32f4xx_fsmc.o(.text)
    FSMC_ITConfig                            0x08003951   Thumb Code   128  stm32f4xx_fsmc.o(.text)
    FSMC_GetFlagStatus                       0x080039d1   Thumb Code    54  stm32f4xx_fsmc.o(.text)
    FSMC_ClearFlag                           0x08003a07   Thumb Code    74  stm32f4xx_fsmc.o(.text)
    FSMC_GetITStatus                         0x08003a51   Thumb Code    62  stm32f4xx_fsmc.o(.text)
    FSMC_ClearITPendingBit                   0x08003a8f   Thumb Code    66  stm32f4xx_fsmc.o(.text)
    RCC_DeInit                               0x08003ad5   Thumb Code    82  stm32f4xx_rcc.o(.text)
    RCC_HSEConfig                            0x08003b27   Thumb Code    14  stm32f4xx_rcc.o(.text)
    RCC_GetFlagStatus                        0x08003b35   Thumb Code    60  stm32f4xx_rcc.o(.text)
    RCC_WaitForHSEStartUp                    0x08003b71   Thumb Code    56  stm32f4xx_rcc.o(.text)
    RCC_AdjustHSICalibrationValue            0x08003ba9   Thumb Code    20  stm32f4xx_rcc.o(.text)
    RCC_HSICmd                               0x08003bbd   Thumb Code     6  stm32f4xx_rcc.o(.text)
    RCC_LSEConfig                            0x08003bc3   Thumb Code    46  stm32f4xx_rcc.o(.text)
    RCC_LSICmd                               0x08003bf1   Thumb Code     6  stm32f4xx_rcc.o(.text)
    RCC_PLLConfig                            0x08003bf7   Thumb Code    32  stm32f4xx_rcc.o(.text)
    RCC_PLLCmd                               0x08003c17   Thumb Code     6  stm32f4xx_rcc.o(.text)
    RCC_PLLI2SConfig                         0x08003c1d   Thumb Code    14  stm32f4xx_rcc.o(.text)
    RCC_PLLI2SCmd                            0x08003c2b   Thumb Code     6  stm32f4xx_rcc.o(.text)
    RCC_PLLSAIConfig                         0x08003c31   Thumb Code    20  stm32f4xx_rcc.o(.text)
    RCC_PLLSAICmd                            0x08003c45   Thumb Code     6  stm32f4xx_rcc.o(.text)
    RCC_ClockSecuritySystemCmd               0x08003c4b   Thumb Code     6  stm32f4xx_rcc.o(.text)
    RCC_MCO1Config                           0x08003c51   Thumb Code    28  stm32f4xx_rcc.o(.text)
    RCC_MCO2Config                           0x08003c6d   Thumb Code    28  stm32f4xx_rcc.o(.text)
    RCC_SYSCLKConfig                         0x08003c89   Thumb Code    20  stm32f4xx_rcc.o(.text)
    RCC_GetSYSCLKSource                      0x08003c9d   Thumb Code    12  stm32f4xx_rcc.o(.text)
    RCC_HCLKConfig                           0x08003ca9   Thumb Code    20  stm32f4xx_rcc.o(.text)
    RCC_PCLK1Config                          0x08003cbd   Thumb Code    20  stm32f4xx_rcc.o(.text)
    RCC_PCLK2Config                          0x08003cd1   Thumb Code    22  stm32f4xx_rcc.o(.text)
    RCC_GetClocksFreq                        0x08003ce7   Thumb Code   222  stm32f4xx_rcc.o(.text)
    RCC_RTCCLKConfig                         0x08003dc5   Thumb Code    54  stm32f4xx_rcc.o(.text)
    RCC_RTCCLKCmd                            0x08003dfb   Thumb Code     8  stm32f4xx_rcc.o(.text)
    RCC_BackupResetCmd                       0x08003e03   Thumb Code     8  stm32f4xx_rcc.o(.text)
    RCC_I2SCLKConfig                         0x08003e0b   Thumb Code     6  stm32f4xx_rcc.o(.text)
    RCC_SAIPLLI2SClkDivConfig                0x08003e11   Thumb Code    26  stm32f4xx_rcc.o(.text)
    RCC_SAIPLLSAIClkDivConfig                0x08003e2b   Thumb Code    28  stm32f4xx_rcc.o(.text)
    RCC_SAIBlockACLKConfig                   0x08003e47   Thumb Code    20  stm32f4xx_rcc.o(.text)
    RCC_SAIBlockBCLKConfig                   0x08003e5b   Thumb Code    20  stm32f4xx_rcc.o(.text)
    RCC_LTDCCLKDivConfig                     0x08003e6f   Thumb Code    20  stm32f4xx_rcc.o(.text)
    RCC_TIMCLKPresConfig                     0x08003e83   Thumb Code     6  stm32f4xx_rcc.o(.text)
    RCC_AHB1PeriphClockCmd                   0x08003e89   Thumb Code    34  stm32f4xx_rcc.o(.text)
    RCC_AHB2PeriphClockCmd                   0x08003eab   Thumb Code    78  stm32f4xx_rcc.o(.text)
    RCC_AHB3PeriphClockCmd                   0x08003ef9   Thumb Code    34  stm32f4xx_rcc.o(.text)
    RCC_APB1PeriphClockCmd                   0x08003f1b   Thumb Code    34  stm32f4xx_rcc.o(.text)
    RCC_APB2PeriphClockCmd                   0x08003f3d   Thumb Code    34  stm32f4xx_rcc.o(.text)
    RCC_AHB1PeriphResetCmd                   0x08003f5f   Thumb Code    34  stm32f4xx_rcc.o(.text)
    RCC_AHB2PeriphResetCmd                   0x08003f81   Thumb Code    34  stm32f4xx_rcc.o(.text)
    RCC_AHB3PeriphResetCmd                   0x08003fa3   Thumb Code    34  stm32f4xx_rcc.o(.text)
    RCC_APB1PeriphResetCmd                   0x08003fc5   Thumb Code    34  stm32f4xx_rcc.o(.text)
    RCC_APB2PeriphResetCmd                   0x08003fe7   Thumb Code    34  stm32f4xx_rcc.o(.text)
    RCC_AHB1PeriphClockLPModeCmd             0x08004009   Thumb Code    34  stm32f4xx_rcc.o(.text)
    RCC_AHB2PeriphClockLPModeCmd             0x0800402b   Thumb Code    34  stm32f4xx_rcc.o(.text)
    RCC_AHB3PeriphClockLPModeCmd             0x0800404d   Thumb Code    34  stm32f4xx_rcc.o(.text)
    RCC_APB1PeriphClockLPModeCmd             0x0800406f   Thumb Code    34  stm32f4xx_rcc.o(.text)
    RCC_APB2PeriphClockLPModeCmd             0x08004091   Thumb Code    34  stm32f4xx_rcc.o(.text)
    RCC_LSEModeConfig                        0x080040b3   Thumb Code    40  stm32f4xx_rcc.o(.text)
    RCC_ITConfig                             0x080040db   Thumb Code    34  stm32f4xx_rcc.o(.text)
    RCC_ClearFlag                            0x080040fd   Thumb Code    18  stm32f4xx_rcc.o(.text)
    RCC_GetITStatus                          0x0800410f   Thumb Code    22  stm32f4xx_rcc.o(.text)
    RCC_ClearITPendingBit                    0x08004125   Thumb Code     8  stm32f4xx_rcc.o(.text)
    SYSCFG_DeInit                            0x08004131   Thumb Code    22  stm32f4xx_syscfg.o(.text)
    SYSCFG_MemoryRemapConfig                 0x08004147   Thumb Code     6  stm32f4xx_syscfg.o(.text)
    SYSCFG_MemorySwappingBank                0x0800414d   Thumb Code     6  stm32f4xx_syscfg.o(.text)
    SYSCFG_EXTILineConfig                    0x08004153   Thumb Code    66  stm32f4xx_syscfg.o(.text)
    SYSCFG_ETH_MediaInterfaceConfig          0x08004195   Thumb Code     8  stm32f4xx_syscfg.o(.text)
    SYSCFG_CompensationCellCmd               0x0800419d   Thumb Code     6  stm32f4xx_syscfg.o(.text)
    SYSCFG_GetCompensationCellStatus         0x080041a3   Thumb Code    22  stm32f4xx_syscfg.o(.text)
    TIM_DeInit                               0x080041c5   Thumb Code   346  stm32f4xx_tim.o(.text)
    TIM_TimeBaseInit                         0x0800431f   Thumb Code   104  stm32f4xx_tim.o(.text)
    TIM_TimeBaseStructInit                   0x08004387   Thumb Code    18  stm32f4xx_tim.o(.text)
    TIM_PrescalerConfig                      0x08004399   Thumb Code     6  stm32f4xx_tim.o(.text)
    TIM_CounterModeConfig                    0x0800439f   Thumb Code    18  stm32f4xx_tim.o(.text)
    TIM_SetCounter                           0x080043b1   Thumb Code     4  stm32f4xx_tim.o(.text)
    TIM_SetAutoreload                        0x080043b5   Thumb Code     4  stm32f4xx_tim.o(.text)
    TIM_GetCounter                           0x080043b9   Thumb Code     6  stm32f4xx_tim.o(.text)
    TIM_GetPrescaler                         0x080043bf   Thumb Code     6  stm32f4xx_tim.o(.text)
    TIM_UpdateDisableConfig                  0x080043c5   Thumb Code    24  stm32f4xx_tim.o(.text)
    TIM_UpdateRequestConfig                  0x080043dd   Thumb Code    24  stm32f4xx_tim.o(.text)
    TIM_ARRPreloadConfig                     0x080043f5   Thumb Code    24  stm32f4xx_tim.o(.text)
    TIM_SelectOnePulseMode                   0x0800440d   Thumb Code    18  stm32f4xx_tim.o(.text)
    TIM_SetClockDivision                     0x0800441f   Thumb Code    18  stm32f4xx_tim.o(.text)
    TIM_Cmd                                  0x08004431   Thumb Code    24  stm32f4xx_tim.o(.text)
    TIM_OC1Init                              0x08004449   Thumb Code   114  stm32f4xx_tim.o(.text)
    TIM_OC2Init                              0x080044bb   Thumb Code   154  stm32f4xx_tim.o(.text)
    TIM_OC3Init                              0x08004555   Thumb Code   204  stm32f4xx_tim.o(.text)
    TIM_OC4Init                              0x08004621   Thumb Code   112  stm32f4xx_tim.o(.text)
    TIM_OCStructInit                         0x08004691   Thumb Code    20  stm32f4xx_tim.o(.text)
    TIM_SelectOCxM                           0x080046a5   Thumb Code    86  stm32f4xx_tim.o(.text)
    TIM_SetCompare1                          0x080046fb   Thumb Code     4  stm32f4xx_tim.o(.text)
    TIM_SetCompare2                          0x080046ff   Thumb Code     4  stm32f4xx_tim.o(.text)
    TIM_SetCompare3                          0x08004703   Thumb Code     4  stm32f4xx_tim.o(.text)
    TIM_SetCompare4                          0x08004707   Thumb Code     4  stm32f4xx_tim.o(.text)
    TIM_ForcedOC1Config                      0x0800470b   Thumb Code    18  stm32f4xx_tim.o(.text)
    TIM_ForcedOC2Config                      0x0800471d   Thumb Code    26  stm32f4xx_tim.o(.text)
    TIM_ForcedOC3Config                      0x08004737   Thumb Code    18  stm32f4xx_tim.o(.text)
    TIM_ForcedOC4Config                      0x08004749   Thumb Code    26  stm32f4xx_tim.o(.text)
    TIM_OC1PreloadConfig                     0x08004763   Thumb Code    18  stm32f4xx_tim.o(.text)
    TIM_OC2PreloadConfig                     0x08004775   Thumb Code    26  stm32f4xx_tim.o(.text)
    TIM_OC3PreloadConfig                     0x0800478f   Thumb Code    18  stm32f4xx_tim.o(.text)
    TIM_OC4PreloadConfig                     0x080047a1   Thumb Code    26  stm32f4xx_tim.o(.text)
    TIM_OC1FastConfig                        0x080047bb   Thumb Code    18  stm32f4xx_tim.o(.text)
    TIM_OC2FastConfig                        0x080047cd   Thumb Code    26  stm32f4xx_tim.o(.text)
    TIM_OC3FastConfig                        0x080047e7   Thumb Code    18  stm32f4xx_tim.o(.text)
    TIM_OC4FastConfig                        0x080047f9   Thumb Code    26  stm32f4xx_tim.o(.text)
    TIM_ClearOC1Ref                          0x08004813   Thumb Code    18  stm32f4xx_tim.o(.text)
    TIM_ClearOC2Ref                          0x08004825   Thumb Code    24  stm32f4xx_tim.o(.text)
    TIM_ClearOC3Ref                          0x0800483d   Thumb Code    18  stm32f4xx_tim.o(.text)
    TIM_ClearOC4Ref                          0x0800484f   Thumb Code    24  stm32f4xx_tim.o(.text)
    TIM_OC1PolarityConfig                    0x08004867   Thumb Code    18  stm32f4xx_tim.o(.text)
    TIM_OC1NPolarityConfig                   0x08004879   Thumb Code    18  stm32f4xx_tim.o(.text)
    TIM_OC2PolarityConfig                    0x0800488b   Thumb Code    26  stm32f4xx_tim.o(.text)
    TIM_OC2NPolarityConfig                   0x080048a5   Thumb Code    26  stm32f4xx_tim.o(.text)
    TIM_OC3PolarityConfig                    0x080048bf   Thumb Code    26  stm32f4xx_tim.o(.text)
    TIM_OC3NPolarityConfig                   0x080048d9   Thumb Code    26  stm32f4xx_tim.o(.text)
    TIM_OC4PolarityConfig                    0x080048f3   Thumb Code    26  stm32f4xx_tim.o(.text)
    TIM_CCxCmd                               0x0800490d   Thumb Code    30  stm32f4xx_tim.o(.text)
    TIM_CCxNCmd                              0x0800492b   Thumb Code    30  stm32f4xx_tim.o(.text)
    TIM_SetIC4Prescaler                      0x08004949   Thumb Code    26  stm32f4xx_tim.o(.text)
    TIM_SetIC3Prescaler                      0x080049b3   Thumb Code    18  stm32f4xx_tim.o(.text)
    TIM_SetIC2Prescaler                      0x08004a0d   Thumb Code    26  stm32f4xx_tim.o(.text)
    TIM_SetIC1Prescaler                      0x08004a81   Thumb Code    18  stm32f4xx_tim.o(.text)
    TIM_ICInit                               0x08004acd   Thumb Code   110  stm32f4xx_tim.o(.text)
    TIM_ICStructInit                         0x08004b3b   Thumb Code    18  stm32f4xx_tim.o(.text)
    TIM_PWMIConfig                           0x08004b4d   Thumb Code   124  stm32f4xx_tim.o(.text)
    TIM_GetCapture1                          0x08004bc9   Thumb Code     6  stm32f4xx_tim.o(.text)
    TIM_GetCapture2                          0x08004bcf   Thumb Code     6  stm32f4xx_tim.o(.text)
    TIM_GetCapture3                          0x08004bd5   Thumb Code     6  stm32f4xx_tim.o(.text)
    TIM_GetCapture4                          0x08004bdb   Thumb Code     6  stm32f4xx_tim.o(.text)
    TIM_BDTRConfig                           0x08004be1   Thumb Code    32  stm32f4xx_tim.o(.text)
    TIM_BDTRStructInit                       0x08004c01   Thumb Code    18  stm32f4xx_tim.o(.text)
    TIM_CtrlPWMOutputs                       0x08004c13   Thumb Code    30  stm32f4xx_tim.o(.text)
    TIM_SelectCOM                            0x08004c31   Thumb Code    24  stm32f4xx_tim.o(.text)
    TIM_CCPreloadControl                     0x08004c49   Thumb Code    24  stm32f4xx_tim.o(.text)
    TIM_ITConfig                             0x08004c61   Thumb Code    18  stm32f4xx_tim.o(.text)
    TIM_GenerateEvent                        0x08004c73   Thumb Code     4  stm32f4xx_tim.o(.text)
    TIM_GetFlagStatus                        0x08004c77   Thumb Code    18  stm32f4xx_tim.o(.text)
    TIM_ClearFlag                            0x08004c89   Thumb Code     6  stm32f4xx_tim.o(.text)
    TIM_GetITStatus                          0x08004c8f   Thumb Code    34  stm32f4xx_tim.o(.text)
    TIM_ClearITPendingBit                    0x08004cb1   Thumb Code     6  stm32f4xx_tim.o(.text)
    TIM_DMAConfig                            0x08004cb7   Thumb Code    10  stm32f4xx_tim.o(.text)
    TIM_DMACmd                               0x08004cc1   Thumb Code    18  stm32f4xx_tim.o(.text)
    TIM_SelectCCDMA                          0x08004cd3   Thumb Code    24  stm32f4xx_tim.o(.text)
    TIM_InternalClockConfig                  0x08004ceb   Thumb Code    12  stm32f4xx_tim.o(.text)
    TIM_SelectInputTrigger                   0x08004cf7   Thumb Code    18  stm32f4xx_tim.o(.text)
    TIM_ITRxExternalClockConfig              0x08004d09   Thumb Code    24  stm32f4xx_tim.o(.text)
    TIM_TIxExternalClockConfig               0x08004d21   Thumb Code    62  stm32f4xx_tim.o(.text)
    TIM_ETRConfig                            0x08004d5f   Thumb Code    28  stm32f4xx_tim.o(.text)
    TIM_ETRClockMode1Config                  0x08004d7b   Thumb Code    54  stm32f4xx_tim.o(.text)
    TIM_ETRClockMode2Config                  0x08004db1   Thumb Code    32  stm32f4xx_tim.o(.text)
    TIM_SelectOutputTrigger                  0x08004dd1   Thumb Code    18  stm32f4xx_tim.o(.text)
    TIM_SelectSlaveMode                      0x08004de3   Thumb Code    18  stm32f4xx_tim.o(.text)
    TIM_SelectMasterSlaveMode                0x08004df5   Thumb Code    18  stm32f4xx_tim.o(.text)
    TIM_EncoderInterfaceConfig               0x08004e07   Thumb Code    66  stm32f4xx_tim.o(.text)
    TIM_SelectHallSensor                     0x08004e49   Thumb Code    24  stm32f4xx_tim.o(.text)
    TIM_RemapConfig                          0x08004e61   Thumb Code     6  stm32f4xx_tim.o(.text)
    EXTI_DeInit                              0x08004e69   Thumb Code    28  stm32f4xx_exti.o(.text)
    EXTI_Init                                0x08004e85   Thumb Code   142  stm32f4xx_exti.o(.text)
    EXTI_StructInit                          0x08004f13   Thumb Code    16  stm32f4xx_exti.o(.text)
    EXTI_GenerateSWInterrupt                 0x08004f23   Thumb Code    16  stm32f4xx_exti.o(.text)
    EXTI_GetFlagStatus                       0x08004f33   Thumb Code    22  stm32f4xx_exti.o(.text)
    EXTI_ClearFlag                           0x08004f49   Thumb Code     8  stm32f4xx_exti.o(.text)
    EXTI_GetITStatus                         0x08004f51   Thumb Code    22  stm32f4xx_exti.o(.text)
    EXTI_ClearITPendingBit                   0x08004f67   Thumb Code     8  stm32f4xx_exti.o(.text)
    __aeabi_memclr4                          0x08004f79   Thumb Code     0  rt_memclr_w.o(.text)
    __aeabi_memclr8                          0x08004f79   Thumb Code     0  rt_memclr_w.o(.text)
    __rt_memclr_w                            0x08004f79   Thumb Code    78  rt_memclr_w.o(.text)
    _memset_w                                0x08004f7d   Thumb Code     0  rt_memclr_w.o(.text)
    __use_two_region_memory                  0x08004fc7   Thumb Code     2  heapauxi.o(.text)
    __rt_heap_escrow                         0x08004fc9   Thumb Code     2  heapauxi.o(.text)
    __rt_heap_expand                         0x08004fcb   Thumb Code     2  heapauxi.o(.text)
    __read_errno                             0x08004fcd   Thumb Code    10  _rserrno.o(.text)
    __set_errno                              0x08004fd7   Thumb Code    12  _rserrno.o(.text)
    __aeabi_errno_addr                       0x08004fe5   Thumb Code     8  rt_errno_addr_intlibspace.o(.text)
    __errno$intlibspace                      0x08004fe5   Thumb Code     0  rt_errno_addr_intlibspace.o(.text)
    __rt_errno_addr$intlibspace              0x08004fe5   Thumb Code     0  rt_errno_addr_intlibspace.o(.text)
    __user_libspace                          0x08004fed   Thumb Code     8  libspace.o(.text)
    __user_perproc_libspace                  0x08004fed   Thumb Code     0  libspace.o(.text)
    __user_perthread_libspace                0x08004fed   Thumb Code     0  libspace.o(.text)
    __user_setup_stackheap                   0x08004ff5   Thumb Code    74  sys_stackheap_outer.o(.text)
    exit                                     0x0800503f   Thumb Code    12  exit.o(.text)
    __I$use$semihosting                      0x0800504b   Thumb Code     0  use_no_semi.o(.text)
    __use_no_semihosting_swi                 0x0800504b   Thumb Code     2  use_no_semi.o(.text)
    __semihosting_library_function           0x0800504d   Thumb Code     0  indicate_semi.o(.text)
    _sys_exit                                0x0800504d   Thumb Code     8  sys_exit.o(.text)
    __ARM_fpclassify                         0x08005059   Thumb Code    48  fpclassify.o(i.__ARM_fpclassify)
    __hardfp_cos                             0x08005089   Thumb Code   180  cos.o(i.__hardfp_cos)
    __hardfp_sin                             0x08005151   Thumb Code   180  sin.o(i.__hardfp_sin)
    __hardfp_sqrt                            0x08005219   Thumb Code   122  sqrt.o(i.__hardfp_sqrt)
    __ieee754_rem_pio2                       0x08005299   Thumb Code   938  rred.o(i.__ieee754_rem_pio2)
    __kernel_cos                             0x080056d1   Thumb Code   322  cos_i.o(i.__kernel_cos)
    __kernel_poly                            0x08005841   Thumb Code   248  poly.o(i.__kernel_poly)
    __kernel_sin                             0x08005939   Thumb Code   280  sin_i.o(i.__kernel_sin)
    __mathlib_dbl_infnan                     0x08005a69   Thumb Code    20  dunder.o(i.__mathlib_dbl_infnan)
    __mathlib_dbl_invalid                    0x08005a81   Thumb Code    24  dunder.o(i.__mathlib_dbl_invalid)
    __mathlib_dbl_underflow                  0x08005aa1   Thumb Code    24  dunder.o(i.__mathlib_dbl_underflow)
    fabs                                     0x08005ac1   Thumb Code    24  fabs.o(i.fabs)
    __aeabi_dneg                             0x08005ad9   Thumb Code     0  basic.o(x$fpl$basic)
    _dneg                                    0x08005ad9   Thumb Code     6  basic.o(x$fpl$basic)
    __aeabi_fneg                             0x08005adf   Thumb Code     0  basic.o(x$fpl$basic)
    _fneg                                    0x08005adf   Thumb Code     6  basic.o(x$fpl$basic)
    _dabs                                    0x08005ae5   Thumb Code     6  basic.o(x$fpl$basic)
    _fabs                                    0x08005aeb   Thumb Code     6  basic.o(x$fpl$basic)
    __aeabi_d2f                              0x08005af1   Thumb Code     0  d2f.o(x$fpl$d2f)
    _d2f                                     0x08005af1   Thumb Code    98  d2f.o(x$fpl$d2f)
    __aeabi_dadd                             0x08005b55   Thumb Code     0  daddsub_clz.o(x$fpl$dadd)
    _dadd                                    0x08005b55   Thumb Code   332  daddsub_clz.o(x$fpl$dadd)
    __fpl_dcmp_Inf                           0x08005ca5   Thumb Code    24  dcmpi.o(x$fpl$dcmpinf)
    __aeabi_ddiv                             0x08005cbd   Thumb Code     0  ddiv.o(x$fpl$ddiv)
    _ddiv                                    0x08005cbd   Thumb Code   552  ddiv.o(x$fpl$ddiv)
    __aeabi_d2iz                             0x08005f6d   Thumb Code     0  dfix.o(x$fpl$dfix)
    _dfix                                    0x08005f6d   Thumb Code    94  dfix.o(x$fpl$dfix)
    __aeabi_i2d                              0x08005fcb   Thumb Code     0  dflt_clz.o(x$fpl$dflt)
    _dflt                                    0x08005fcb   Thumb Code    46  dflt_clz.o(x$fpl$dflt)
    __aeabi_ui2d                             0x08005ff9   Thumb Code     0  dflt_clz.o(x$fpl$dfltu)
    _dfltu                                   0x08005ff9   Thumb Code    38  dflt_clz.o(x$fpl$dfltu)
    __aeabi_cdcmple                          0x08006021   Thumb Code     0  dleqf.o(x$fpl$dleqf)
    _dcmple                                  0x08006021   Thumb Code   120  dleqf.o(x$fpl$dleqf)
    __fpl_dcmple_InfNaN                      0x08006083   Thumb Code     0  dleqf.o(x$fpl$dleqf)
    __aeabi_dmul                             0x08006099   Thumb Code     0  dmul.o(x$fpl$dmul)
    _dmul                                    0x08006099   Thumb Code   332  dmul.o(x$fpl$dmul)
    __fpl_dnaninf                            0x080061ed   Thumb Code   156  dnaninf.o(x$fpl$dnaninf)
    __fpl_dretinf                            0x08006289   Thumb Code    12  dretinf.o(x$fpl$dretinf)
    __aeabi_cdrcmple                         0x08006295   Thumb Code     0  drleqf.o(x$fpl$drleqf)
    _drcmple                                 0x08006295   Thumb Code   108  drleqf.o(x$fpl$drleqf)
    __aeabi_drsub                            0x08006301   Thumb Code     0  daddsub_clz.o(x$fpl$drsb)
    _drsb                                    0x08006301   Thumb Code    22  daddsub_clz.o(x$fpl$drsb)
    _dsqrt                                   0x08006319   Thumb Code   404  dsqrt_umaal.o(x$fpl$dsqrt)
    __aeabi_dsub                             0x080064b1   Thumb Code     0  daddsub_clz.o(x$fpl$dsub)
    _dsub                                    0x080064b1   Thumb Code   464  daddsub_clz.o(x$fpl$dsub)
    __aeabi_f2d                              0x08006685   Thumb Code     0  f2d.o(x$fpl$f2d)
    _f2d                                     0x08006685   Thumb Code    86  f2d.o(x$fpl$f2d)
    __fpl_fnaninf                            0x080066db   Thumb Code   140  fnaninf.o(x$fpl$fnaninf)
    _fp_init                                 0x08006767   Thumb Code    10  fpinit.o(x$fpl$fpinit)
    __fplib_config_fpu_vfp                   0x0800676f   Thumb Code     0  fpinit.o(x$fpl$fpinit)
    __fplib_config_pureend_doubles           0x0800676f   Thumb Code     0  fpinit.o(x$fpl$fpinit)
    __fpl_fretinf                            0x08006771   Thumb Code    10  fretinf.o(x$fpl$fretinf)
    __I$use$fp                               0x0800677a   Number         0  usenofp.o(x$fpl$usenofp)
    FSMC_DefaultTimingStruct                 0x0800678c   Data          28  stm32f4xx_fsmc.o(.constdata)
    Region$$Table$$Base                      0x080068c8   Number         0  anon$$obj.o(Region$$Table)
    Region$$Table$$Limit                     0x080068e8   Number         0  anon$$obj.o(Region$$Table)
    SystemCoreClock                          0x20000000   Data           4  system_stm32f4xx.o(.data)
    AHBPrescTable                            0x20000004   Data          16  system_stm32f4xx.o(.data)
    packet_flag                              0x20000014   Data           1  packet.o(.data)
    type                                     0x20000015   Data           1  comm.o(.data)
    tmp_buf                                  0x20000030   Data          32  main.o(.bss)
    g_comm                                   0x20000050   Data          32  comm.o(.bss)
    g_robot                                  0x20000070   Data        1112  comm.o(.bss)
    __libspace_start                         0x200004c8   Data          96  libspace.o(.bss)
    __temporary_stack_top$libspace           0x20000528   Data           0  libspace.o(.bss)



==============================================================================

Memory Map of the image

  Image Entry point : 0x08000189

  Load Region LR_IROM1 (Base: 0x08000000, Size: 0x00006918, Max: 0x00080000, ABSOLUTE)

    Execution Region ER_IROM1 (Base: 0x08000000, Size: 0x000068e8, Max: 0x00080000, ABSOLUTE)

    Base Addr    Size         Type   Attr      Idx    E Section Name        Object

    0x08000000   0x00000188   Data   RO          761    RESET               startup_stm32f40_41xxx.o
    0x08000188   0x00000008   Code   RO         1017  * !!!main             c_w.l(__main.o)
    0x08000190   0x00000034   Code   RO         1517    !!!scatter          c_w.l(__scatter.o)
    0x080001c4   0x0000001a   Code   RO         1519    !!handler_copy      c_w.l(__scatter_copy.o)
    0x080001de   0x00000002   PAD
    0x080001e0   0x0000001c   Code   RO         1521    !!handler_zi        c_w.l(__scatter_zi.o)
    0x080001fc   0x00000002   Code   RO         1329    .ARM.Collect$$libinit$$00000000  c_w.l(libinit.o)
    0x080001fe   0x00000004   Code   RO         1330    .ARM.Collect$$libinit$$00000001  c_w.l(libinit2.o)
    0x08000202   0x00000000   Code   RO         1333    .ARM.Collect$$libinit$$00000004  c_w.l(libinit2.o)
    0x08000202   0x00000000   Code   RO         1336    .ARM.Collect$$libinit$$0000000A  c_w.l(libinit2.o)
    0x08000202   0x00000000   Code   RO         1338    .ARM.Collect$$libinit$$0000000C  c_w.l(libinit2.o)
    0x08000202   0x00000000   Code   RO         1340    .ARM.Collect$$libinit$$0000000E  c_w.l(libinit2.o)
    0x08000202   0x00000000   Code   RO         1343    .ARM.Collect$$libinit$$00000011  c_w.l(libinit2.o)
    0x08000202   0x00000000   Code   RO         1345    .ARM.Collect$$libinit$$00000013  c_w.l(libinit2.o)
    0x08000202   0x00000000   Code   RO         1347    .ARM.Collect$$libinit$$00000015  c_w.l(libinit2.o)
    0x08000202   0x00000000   Code   RO         1349    .ARM.Collect$$libinit$$00000017  c_w.l(libinit2.o)
    0x08000202   0x00000000   Code   RO         1351    .ARM.Collect$$libinit$$00000019  c_w.l(libinit2.o)
    0x08000202   0x00000000   Code   RO         1353    .ARM.Collect$$libinit$$0000001B  c_w.l(libinit2.o)
    0x08000202   0x00000000   Code   RO         1355    .ARM.Collect$$libinit$$0000001D  c_w.l(libinit2.o)
    0x08000202   0x00000000   Code   RO         1357    .ARM.Collect$$libinit$$0000001F  c_w.l(libinit2.o)
    0x08000202   0x00000000   Code   RO         1359    .ARM.Collect$$libinit$$00000021  c_w.l(libinit2.o)
    0x08000202   0x00000000   Code   RO         1361    .ARM.Collect$$libinit$$00000023  c_w.l(libinit2.o)
    0x08000202   0x00000000   Code   RO         1363    .ARM.Collect$$libinit$$00000025  c_w.l(libinit2.o)
    0x08000202   0x00000000   Code   RO         1367    .ARM.Collect$$libinit$$0000002C  c_w.l(libinit2.o)
    0x08000202   0x00000000   Code   RO         1369    .ARM.Collect$$libinit$$0000002E  c_w.l(libinit2.o)
    0x08000202   0x00000000   Code   RO         1371    .ARM.Collect$$libinit$$00000030  c_w.l(libinit2.o)
    0x08000202   0x00000000   Code   RO         1373    .ARM.Collect$$libinit$$00000032  c_w.l(libinit2.o)
    0x08000202   0x00000002   Code   RO         1374    .ARM.Collect$$libinit$$00000033  c_w.l(libinit2.o)
    0x08000204   0x00000002   Code   RO         1498    .ARM.Collect$$libshutdown$$00000000  c_w.l(libshutdown.o)
    0x08000206   0x00000000   Code   RO         1377    .ARM.Collect$$libshutdown$$00000003  c_w.l(libshutdown2.o)
    0x08000206   0x00000000   Code   RO         1380    .ARM.Collect$$libshutdown$$00000006  c_w.l(libshutdown2.o)
    0x08000206   0x00000000   Code   RO         1383    .ARM.Collect$$libshutdown$$00000009  c_w.l(libshutdown2.o)
    0x08000206   0x00000000   Code   RO         1385    .ARM.Collect$$libshutdown$$0000000B  c_w.l(libshutdown2.o)
    0x08000206   0x00000000   Code   RO         1388    .ARM.Collect$$libshutdown$$0000000E  c_w.l(libshutdown2.o)
    0x08000206   0x00000002   Code   RO         1389    .ARM.Collect$$libshutdown$$0000000F  c_w.l(libshutdown2.o)
    0x08000208   0x00000000   Code   RO         1111    .ARM.Collect$$rtentry$$00000000  c_w.l(__rtentry.o)
    0x08000208   0x00000000   Code   RO         1198    .ARM.Collect$$rtentry$$00000002  c_w.l(__rtentry2.o)
    0x08000208   0x00000006   Code   RO         1210    .ARM.Collect$$rtentry$$00000004  c_w.l(__rtentry4.o)
    0x0800020e   0x00000000   Code   RO         1200    .ARM.Collect$$rtentry$$00000009  c_w.l(__rtentry2.o)
    0x0800020e   0x00000004   Code   RO         1201    .ARM.Collect$$rtentry$$0000000A  c_w.l(__rtentry2.o)
    0x08000212   0x00000000   Code   RO         1203    .ARM.Collect$$rtentry$$0000000C  c_w.l(__rtentry2.o)
    0x08000212   0x00000008   Code   RO         1204    .ARM.Collect$$rtentry$$0000000D  c_w.l(__rtentry2.o)
    0x0800021a   0x00000002   Code   RO         1393    .ARM.Collect$$rtexit$$00000000  c_w.l(rtexit.o)
    0x0800021c   0x00000000   Code   RO         1447    .ARM.Collect$$rtexit$$00000002  c_w.l(rtexit2.o)
    0x0800021c   0x00000004   Code   RO         1448    .ARM.Collect$$rtexit$$00000003  c_w.l(rtexit2.o)
    0x08000220   0x00000006   Code   RO         1449    .ARM.Collect$$rtexit$$00000004  c_w.l(rtexit2.o)
    0x08000226   0x00000002   PAD
    0x08000228   0x000000c8   Code   RO            3    .text               main.o
    0x080002f0   0x0000001a   Code   RO          201    .text               stm32f4xx_it.o
    0x0800030a   0x00000002   PAD
    0x0800030c   0x00000210   Code   RO          250    .text               system_stm32f4xx.o
    0x0800051c   0x00000f68   Code   RO          276    .text               nrf24l01.o
    0x08001484   0x0000042c   Code   RO          300    .text               robot.o
    0x080018b0   0x00000458   Code   RO          339    .text               packet.o
    0x08001d08   0x00000200   Code   RO          366    .text               comm.o
    0x08001f08   0x00000b18   Code   RO          394    .text               task.o
    0x08002a20   0x00000090   Code   RO          415    .text               timer.o
    0x08002ab0   0x00000084   Code   RO          436    .text               exti.o
    0x08002b34   0x00000040   Code   RO          480    .text               led.o
    0x08002b74   0x00000170   Code   RO          556    .text               spi.o
    0x08002ce4   0x00000370   Code   RO          681    .text               fsmc.o
    0x08003054   0x00000104   Code   RO          721    .text               delay.o
    0x08003158   0x00000040   Code   RO          762    .text               startup_stm32f40_41xxx.o
    0x08003198   0x000000e0   Code   RO          768    .text               misc.o
    0x08003278   0x00000294   Code   RO          788    .text               stm32f4xx_gpio.o
    0x0800350c   0x000005c8   Code   RO          808    .text               stm32f4xx_fsmc.o
    0x08003ad4   0x0000065c   Code   RO          831    .text               stm32f4xx_rcc.o
    0x08004130   0x00000094   Code   RO          873    .text               stm32f4xx_syscfg.o
    0x080041c4   0x00000ca2   Code   RO          913    .text               stm32f4xx_tim.o
    0x08004e66   0x00000002   PAD
    0x08004e68   0x00000110   Code   RO          933    .text               stm32f4xx_exti.o
    0x08004f78   0x0000004e   Code   RO         1013    .text               c_w.l(rt_memclr_w.o)
    0x08004fc6   0x00000006   Code   RO         1015    .text               c_w.l(heapauxi.o)
    0x08004fcc   0x00000016   Code   RO         1114    .text               c_w.l(_rserrno.o)
    0x08004fe2   0x00000002   PAD
    0x08004fe4   0x00000008   Code   RO         1219    .text               c_w.l(rt_errno_addr_intlibspace.o)
    0x08004fec   0x00000008   Code   RO         1240    .text               c_w.l(libspace.o)
    0x08004ff4   0x0000004a   Code   RO         1245    .text               c_w.l(sys_stackheap_outer.o)
    0x0800503e   0x0000000c   Code   RO         1318    .text               c_w.l(exit.o)
    0x0800504a   0x00000002   Code   RO         1390    .text               c_w.l(use_no_semi.o)
    0x0800504c   0x00000000   Code   RO         1392    .text               c_w.l(indicate_semi.o)
    0x0800504c   0x0000000c   Code   RO         1444    .text               c_w.l(sys_exit.o)
    0x08005058   0x00000030   Code   RO         1181    i.__ARM_fpclassify  m_wm.l(fpclassify.o)
    0x08005088   0x000000c8   Code   RO         1075    i.__hardfp_cos      m_wm.l(cos.o)
    0x08005150   0x000000c8   Code   RO         1087    i.__hardfp_sin      m_wm.l(sin.o)
    0x08005218   0x0000007a   Code   RO         1099    i.__hardfp_sqrt     m_wm.l(sqrt.o)
    0x08005292   0x00000006   PAD
    0x08005298   0x00000438   Code   RO         1186    i.__ieee754_rem_pio2  m_wm.l(rred.o)
    0x080056d0   0x00000170   Code   RO         1158    i.__kernel_cos      m_wm.l(cos_i.o)
    0x08005840   0x000000f8   Code   RO         1183    i.__kernel_poly     m_wm.l(poly.o)
    0x08005938   0x00000130   Code   RO         1191    i.__kernel_sin      m_wm.l(sin_i.o)
    0x08005a68   0x00000014   Code   RO         1162    i.__mathlib_dbl_infnan  m_wm.l(dunder.o)
    0x08005a7c   0x00000004   PAD
    0x08005a80   0x00000020   Code   RO         1164    i.__mathlib_dbl_invalid  m_wm.l(dunder.o)
    0x08005aa0   0x00000020   Code   RO         1167    i.__mathlib_dbl_underflow  m_wm.l(dunder.o)
    0x08005ac0   0x00000018   Code   RO         1177    i.fabs              m_wm.l(fabs.o)
    0x08005ad8   0x00000018   Code   RO         1129    x$fpl$basic         fz_wm.l(basic.o)
    0x08005af0   0x00000062   Code   RO         1019    x$fpl$d2f           fz_wm.l(d2f.o)
    0x08005b52   0x00000002   PAD
    0x08005b54   0x00000150   Code   RO         1021    x$fpl$dadd          fz_wm.l(daddsub_clz.o)
    0x08005ca4   0x00000018   Code   RO         1131    x$fpl$dcmpinf       fz_wm.l(dcmpi.o)
    0x08005cbc   0x000002b0   Code   RO         1028    x$fpl$ddiv          fz_wm.l(ddiv.o)
    0x08005f6c   0x0000005e   Code   RO         1231    x$fpl$dfix          fz_wm.l(dfix.o)
    0x08005fca   0x0000002e   Code   RO         1036    x$fpl$dflt          fz_wm.l(dflt_clz.o)
    0x08005ff8   0x00000026   Code   RO         1035    x$fpl$dfltu         fz_wm.l(dflt_clz.o)
    0x0800601e   0x00000002   PAD
    0x08006020   0x00000078   Code   RO         1041    x$fpl$dleqf         fz_wm.l(dleqf.o)
    0x08006098   0x00000154   Code   RO         1043    x$fpl$dmul          fz_wm.l(dmul.o)
    0x080061ec   0x0000009c   Code   RO         1133    x$fpl$dnaninf       fz_wm.l(dnaninf.o)
    0x08006288   0x0000000c   Code   RO         1135    x$fpl$dretinf       fz_wm.l(dretinf.o)
    0x08006294   0x0000006c   Code   RO         1045    x$fpl$drleqf        fz_wm.l(drleqf.o)
    0x08006300   0x00000016   Code   RO         1022    x$fpl$drsb          fz_wm.l(daddsub_clz.o)
    0x08006316   0x00000002   PAD
    0x08006318   0x00000198   Code   RO         1137    x$fpl$dsqrt         fz_wm.l(dsqrt_umaal.o)
    0x080064b0   0x000001d4   Code   RO         1023    x$fpl$dsub          fz_wm.l(daddsub_clz.o)
    0x08006684   0x00000056   Code   RO         1047    x$fpl$f2d           fz_wm.l(f2d.o)
    0x080066da   0x0000008c   Code   RO         1139    x$fpl$fnaninf       fz_wm.l(fnaninf.o)
    0x08006766   0x0000000a   Code   RO         1442    x$fpl$fpinit        fz_wm.l(fpinit.o)
    0x08006770   0x0000000a   Code   RO         1141    x$fpl$fretinf       fz_wm.l(fretinf.o)
    0x0800677a   0x00000000   Code   RO         1143    x$fpl$usenofp       fz_wm.l(usenofp.o)
    0x0800677a   0x00000002   PAD
    0x0800677c   0x00000010   Data   RO          301    .constdata          robot.o
    0x0800678c   0x0000001c   Data   RO          809    .constdata          stm32f4xx_fsmc.o
    0x080067a8   0x00000030   Data   RO         1159    .constdata          m_wm.l(cos_i.o)
    0x080067d8   0x000000c8   Data   RO         1188    .constdata          m_wm.l(rred.o)
    0x080068a0   0x00000028   Data   RO         1192    .constdata          m_wm.l(sin_i.o)
    0x080068c8   0x00000020   Data   RO         1515    Region$$Table       anon$$obj.o


    Execution Region RW_IRAM1 (Base: 0x20000000, Size: 0x00000b28, Max: 0x00020000, ABSOLUTE)

    Base Addr    Size         Type   Attr      Idx    E Section Name        Object

    0x20000000   0x00000014   Data   RW          251    .data               system_stm32f4xx.o
    0x20000014   0x00000001   Data   RW          340    .data               packet.o
    0x20000015   0x00000001   Data   RW          368    .data               comm.o
    0x20000016   0x00000002   PAD
    0x20000018   0x00000004   Data   RW          416    .data               timer.o
    0x2000001c   0x00000004   Data   RW          722    .data               delay.o
    0x20000020   0x00000010   Data   RW          832    .data               stm32f4xx_rcc.o
    0x20000030   0x00000020   Zero   RW            4    .bss                main.o
    0x20000050   0x00000478   Zero   RW          367    .bss                comm.o
    0x200004c8   0x00000060   Zero   RW         1241    .bss                c_w.l(libspace.o)
    0x20000528   0x00000200   Zero   RW          760    HEAP                startup_stm32f40_41xxx.o
    0x20000728   0x00000400   Zero   RW          759    STACK               startup_stm32f40_41xxx.o


==============================================================================

Image component sizes


      Code (inc. data)   RO Data    RW Data    ZI Data      Debug   Object Name

       512         22          0          1       1144       2039   comm.o
       260          8          0          4          0       1449   delay.o
       132         12          0          0          0        722   exti.o
       880         18          0          0          0       2122   fsmc.o
        64          4          0          0          0        531   led.o
       200         12          0          0         32     292419   main.o
       224         20          0          0          0       1829   misc.o
      3944         48          0          0          0      15310   nrf24l01.o
      1112         14          0          1          0       3226   packet.o
      1068        102         16          0          0       5321   robot.o
       368         10          0          0          0       1040   spi.o
        64         26        392          0       1536        836   startup_stm32f40_41xxx.o
       272         10          0          0          0       2271   stm32f4xx_exti.o
      1480         18         28          0          0       5634   stm32f4xx_fsmc.o
       660         44          0          0          0       4105   stm32f4xx_gpio.o
        26          0          0          0          0       1226   stm32f4xx_it.o
      1628         52          0         16          0      12900   stm32f4xx_rcc.o
       148         12          0          0          0       1849   stm32f4xx_syscfg.o
      3234         60          0          0          0      22308   stm32f4xx_tim.o
       528         46          0         20          0       1795   system_stm32f4xx.o
      2840         42          0          0          0       2118   task.o
       144          8          0          4          0        937   timer.o

    ----------------------------------------------------------------------
     19792        588        468         48       2712     381987   Object Totals
         0          0         32          0          0          0   (incl. Generated)
         4          0          0          2          0          0   (incl. Padding)

    ----------------------------------------------------------------------

      Code (inc. data)   RO Data    RW Data    ZI Data      Debug   Library Member Name

         8          0          0          0          0         68   __main.o
         0          0          0          0          0          0   __rtentry.o
        12          0          0          0          0          0   __rtentry2.o
         6          0          0          0          0          0   __rtentry4.o
        52          8          0          0          0          0   __scatter.o
        26          0          0          0          0          0   __scatter_copy.o
        28          0          0          0          0          0   __scatter_zi.o
        22          0          0          0          0        100   _rserrno.o
        12          0          0          0          0         72   exit.o
         6          0          0          0          0        152   heapauxi.o
         0          0          0          0          0          0   indicate_semi.o
         2          0          0          0          0          0   libinit.o
         6          0          0          0          0          0   libinit2.o
         2          0          0          0          0          0   libshutdown.o
         2          0          0          0          0          0   libshutdown2.o
         8          4          0          0         96         68   libspace.o
         8          4          0          0          0         68   rt_errno_addr_intlibspace.o
        78          0          0          0          0         80   rt_memclr_w.o
         2          0          0          0          0          0   rtexit.o
        10          0          0          0          0          0   rtexit2.o
        12          4          0          0          0         68   sys_exit.o
        74          0          0          0          0         80   sys_stackheap_outer.o
         2          0          0          0          0         68   use_no_semi.o
        24          0          0          0          0        164   basic.o
        98          4          0          0          0        140   d2f.o
       826         16          0          0          0        492   daddsub_clz.o
        24          0          0          0          0        116   dcmpi.o
       688        140          0          0          0        256   ddiv.o
        94          4          0          0          0        140   dfix.o
        84          0          0          0          0        232   dflt_clz.o
       120          4          0          0          0        140   dleqf.o
       340         12          0          0          0        152   dmul.o
       156          4          0          0          0        140   dnaninf.o
        12          0          0          0          0        116   dretinf.o
       108          0          0          0          0        128   drleqf.o
       408         56          0          0          0        168   dsqrt_umaal.o
        86          4          0          0          0        132   f2d.o
       140          4          0          0          0        132   fnaninf.o
        10          0          0          0          0        116   fpinit.o
        10          0          0          0          0        116   fretinf.o
         0          0          0          0          0          0   usenofp.o
       200         20          0          0          0        164   cos.o
       368         46         48          0          0        200   cos_i.o
        84         16          0          0          0        372   dunder.o
        24          0          0          0          0        124   fabs.o
        48          0          0          0          0        124   fpclassify.o
       248          0          0          0          0        152   poly.o
      1080        142        200          0          0        188   rred.o
       200         20          0          0          0        164   sin.o
       304         24         40          0          0        208   sin_i.o
       122          0          0          0          0        148   sqrt.o

    ----------------------------------------------------------------------
      6308        536        288          0         96       5548   Library Totals
        24          0          0          0          0          0   (incl. Padding)

    ----------------------------------------------------------------------

      Code (inc. data)   RO Data    RW Data    ZI Data      Debug   Library Name

       378         20          0          0         96        824   c_w.l
      3228        248          0          0          0       2880   fz_wm.l
      2678        268        288          0          0       1844   m_wm.l

    ----------------------------------------------------------------------
      6308        536        288          0         96       5548   Library Totals

    ----------------------------------------------------------------------

==============================================================================


      Code (inc. data)   RO Data    RW Data    ZI Data      Debug   

     26100       1124        756         48       2808     380423   Grand Totals
     26100       1124        756         48       2808     380423   ELF Image Totals
     26100       1124        756         48          0          0   ROM Totals

==============================================================================

    Total RO  Size (Code + RO Data)                26856 (  26.23kB)
    Total RW  Size (RW Data + ZI Data)              2856 (   2.79kB)
    Total ROM Size (Code + RO Data + RW Data)      26904 (  26.27kB)

==============================================================================

